Component: ARM Compiler 5.06 (build 20) Tool: armlink [4d35a3]

==============================================================================

Section Cross References

    main.o(.text) refers to misc.o(.text) for NVIC_PriorityGroupConfig
    main.o(.text) refers to delay.o(.text) for delay_init
    main.o(.text) refers to usart.o(.text) for uart_init
    main.o(.text) refers to massage.o(.text) for massage_init
    main.o(.text) refers to led.o(.text) for LED_Init
    main.o(.text) refers to sz.o(.text) for SZ_Init
    main.o(.text) refers to key.o(.text) for KEY_Init
    main.o(.text) refers to lcd.o(.text) for LCD_Init
    main.o(.text) refers to spi.o(.text) for RC522_SPI3_Init
    main.o(.text) refers to rc522.o(.text) for MFRC522_Initializtion
    main.o(.text) refers to iwdg.o(.text) for IWDG_Init
    main.o(.text) refers to fontupd.o(.text) for font_init
    main.o(.text) refers to driver.o(.text) for Driver_Init
    main.o(.text) refers to timer.o(.text) for TIM2_Int_Init
    main.o(.text) refers to memseta.o(.text) for __aeabi_memclr
    main.o(.text) refers to rfid.o(.text) for rc522_read
    main.o(.text) refers to malloc.o(i.malloc) for malloc
    main.o(.text) refers to printf5.o(i.__0sprintf$5) for __2sprintf
    main.o(.text) refers to text.o(.text) for Show_Str
    main.o(.text) refers to malloc.o(i.free) for free
    main.o(.text) refers to main.o(.data) for .data
    main.o(.text) refers to rfid.o(.bss) for read_rfid_my
    main.o(.text) refers to usart.o(.bss) for USART2_RX
    system_stm32f4xx.o(.text) refers to system_stm32f4xx.o(.data) for .data
    led.o(.text) refers to stm32f4xx_rcc.o(.text) for RCC_AHB1PeriphClockCmd
    led.o(.text) refers to stm32f4xx_gpio.o(.text) for GPIO_Init
    lcd.o(.text) refers to delay.o(.text) for delay_us
    lcd.o(.text) refers to lcd.o(.bss) for .bss
    lcd.o(.text) refers to dfltui.o(.text) for __aeabi_ui2d
    lcd.o(.text) refers to dmul.o(.text) for __aeabi_dmul
    lcd.o(.text) refers to dfixui.o(.text) for __aeabi_d2uiz
    lcd.o(.text) refers to lcd.o(.data) for .data
    lcd.o(.text) refers to text.o(.text) for Show_Str
    lcd.o(.text) refers to stm32f4xx_rcc.o(.text) for RCC_AHB1PeriphClockCmd
    lcd.o(.text) refers to stm32f4xx_gpio.o(.text) for GPIO_Init
    lcd.o(.text) refers to stm32f4xx_fsmc.o(.text) for FSMC_NORSRAMInit
    lcd.o(.text) refers to lcd.o(.constdata) for .constdata
    key.o(.text) refers to stm32f4xx_rcc.o(.text) for RCC_AHB1PeriphClockCmd
    key.o(.text) refers to stm32f4xx_gpio.o(.text) for GPIO_Init
    key.o(.text) refers to delay.o(.text) for delay_ms
    key.o(.text) refers to key.o(.data) for .data
    spi.o(.text) refers to stm32f4xx_spi.o(.text) for SPI_I2S_GetFlagStatus
    spi.o(.text) refers to stm32f4xx_rcc.o(.text) for RCC_AHB1PeriphClockCmd
    spi.o(.text) refers to stm32f4xx_gpio.o(.text) for GPIO_Init
    w25qxx.o(.text) refers to spi.o(.text) for SPI1_ReadWriteByte
    w25qxx.o(.text) refers to printf5.o(i.__0printf$5) for __2printf
    w25qxx.o(.text) refers to delay.o(.text) for delay_us
    w25qxx.o(.text) refers to w25qxx.o(.bss) for .bss
    rtc.o(.text) refers to stm32f4xx_rtc.o(.text) for RTC_SetTime
    rtc.o(.text) refers to stm32f4xx_rcc.o(.text) for RCC_APB1PeriphClockCmd
    rtc.o(.text) refers to stm32f4xx_pwr.o(.text) for PWR_BackupAccessCmd
    rtc.o(.text) refers to delay.o(.text) for delay_ms
    rtc.o(.text) refers to stm32f4xx_exti.o(.text) for EXTI_ClearITPendingBit
    rtc.o(.text) refers to misc.o(.text) for NVIC_Init
    rtc.o(.text) refers to printf5.o(i.__0printf$5) for __2printf
    rtc.o(.text) refers to rtc.o(.data) for .data
    timer.o(.text) refers to stm32f4xx_rcc.o(.text) for RCC_APB1PeriphClockCmd
    timer.o(.text) refers to stm32f4xx_tim.o(.text) for TIM_TimeBaseInit
    timer.o(.text) refers to misc.o(.text) for NVIC_Init
    timer.o(.text) refers to lcd.o(.text) for LCD_Clear
    timer.o(.text) refers to memseta.o(.text) for __aeabi_memclr
    timer.o(.text) refers to rfid.o(.text) for rc522_read
    timer.o(.text) refers to malloc.o(i.malloc) for malloc
    timer.o(.text) refers to printf5.o(i.__0sprintf$5) for __2sprintf
    timer.o(.text) refers to text.o(.text) for Show_Str
    timer.o(.text) refers to malloc.o(i.free) for free
    timer.o(.text) refers to delay.o(.text) for delay_ms
    timer.o(.text) refers to iwdg.o(.text) for IWDG_Feed
    timer.o(.text) refers to key.o(.text) for KEY_Scan
    timer.o(.text) refers to massage.o(.text) for massage_flag
    timer.o(.text) refers to main.o(.data) for RFID_flag
    timer.o(.text) refers to rfid.o(.bss) for read_rfid_my
    timer.o(.text) refers to timer.o(.data) for .data
    timer.o(.text) refers to main.o(.data) for heartbeat_massage
    rfid.o(.text) refers to delay.o(.text) for delay_ms
    rfid.o(.text) refers to rc522.o(.text) for MFRC522_Initializtion
    rfid.o(.text) refers to rfid.o(.data) for .data
    sz.o(.text) refers to stm32f4xx_rcc.o(.text) for RCC_AHB1PeriphClockCmd
[...]
    ..\\FWLIB\\src\\stm32f4xx_usart.c        0x00000000   Number         0  stm32f4xx_usart.o ABSOLUTE
    ..\\HARDWARE\\DRIVER\\driver.c           0x00000000   Number         0  driver.o ABSOLUTE
    ..\\HARDWARE\\ID\\ID.c                   0x00000000   Number         0  id.o ABSOLUTE
    ..\\HARDWARE\\IWDG\\iwdg.c               0x00000000   Number         0  iwdg.o ABSOLUTE
    ..\\HARDWARE\\KEY\\key.c                 0x00000000   Number         0  key.o ABSOLUTE
    ..\\HARDWARE\\LCD\\lcd.c                 0x00000000   Number         0  lcd.o ABSOLUTE
    ..\\HARDWARE\\LED\\led.c                 0x00000000   Number         0  led.o ABSOLUTE
    ..\\HARDWARE\\RFID\\RFID.c               0x00000000   Number         0  rfid.o ABSOLUTE
    ..\\HARDWARE\\RTC\\rtc.c                 0x00000000   Number         0  rtc.o ABSOLUTE
    ..\\HARDWARE\\SPI\\spi.c                 0x00000000   Number         0  spi.o ABSOLUTE
    ..\\HARDWARE\\SZ\\SZ.c                   0x00000000   Number         0  sz.o ABSOLUTE
    ..\\HARDWARE\\TIMER\\timer.c             0x00000000   Number         0  timer.o ABSOLUTE
    ..\\HARDWARE\\W25QXX\\w25qxx.c           0x00000000   Number         0  w25qxx.o ABSOLUTE
    ..\\HARDWARE\\massage\\massage.c         0x00000000   Number         0  massage.o ABSOLUTE
    ..\\RCC522\\RC522.c                      0x00000000   Number         0  rc522.o ABSOLUTE
    ..\\SYSTEM\\delay\\delay.c               0x00000000   Number         0  delay.o ABSOLUTE
    ..\\SYSTEM\\sys\\sys.c                   0x00000000   Number         0  sys.o ABSOLUTE
    ..\\SYSTEM\\usart\\usart.c               0x00000000   Number         0  usart.o ABSOLUTE
    ..\\TEXT\\fontupd.c                      0x00000000   Number         0  fontupd.o ABSOLUTE
    ..\\TEXT\\text.c                         0x00000000   Number         0  text.o ABSOLUTE
    cdrcmple.s                               0x00000000   Number         0  cdrcmple.o ABSOLUTE
    dc.s                                     0x00000000   Number         0  dc.o ABSOLUTE
    handlers.s                               0x00000000   Number         0  handlers.o ABSOLUTE
    init.s                                   0x00000000   Number         0  init.o ABSOLUTE
    main.c                                   0x00000000   Number         0  main.o ABSOLUTE
    main.c                                   0x00000000   Number         0  main.o ABSOLUTE
    stm32f4xx_it.c                           0x00000000   Number         0  stm32f4xx_it.o ABSOLUTE
    stm32f4xx_it.c                           0x00000000   Number         0  stm32f4xx_it.o ABSOLUTE
    system_stm32f4xx.c                       0x00000000   Number         0  system_stm32f4xx.o ABSOLUTE
    system_stm32f4xx.c                       0x00000000   Number         0  system_stm32f4xx.o ABSOLUTE
    RESET                                    0x08000000   Section      392  startup_stm32f40_41xxx.o(RESET)
    .ARM.Collect$$$$00000000                 0x08000188   Section        0  entry.o(.ARM.Collect$$$$00000000)
    .ARM.Collect$$$$00000001                 0x08000188   Section        4  entry2.o(.ARM.Collect$$$$00000001)
    .ARM.Collect$$$$00000004                 0x0800018c   Section        4  entry5.o(.ARM.Collect$$$$00000004)
    .ARM.Collect$$$$00000008                 0x08000190   Section        0  entry7b.o(.ARM.Collect$$$$00000008)
    .ARM.Collect$$$$0000000A                 0x08000190   Section        0  entry8b.o(.ARM.Collect$$$$0000000A)
    .ARM.Collect$$$$0000000B                 0x08000190   Section        8  entry9a.o(.ARM.Collect$$$$0000000B)
    .ARM.Collect$$$$0000000D                 0x08000198   Section        0  entry10a.o(.ARM.Collect$$$$0000000D)
    .ARM.Collect$$$$0000000F                 0x08000198   Section        0  entry11a.o(.ARM.Collect$$$$0000000F)
    .ARM.Collect$$$$00002712                 0x08000198   Section        4  entry2.o(.ARM.Collect$$$$00002712)
    __lit__00000000                          0x08000198   Data           4  entry2.o(.ARM.Collect$$$$00002712)
    .text                                    0x0800019c   Section        0  main.o(.text)
    .text                                    0x080005b4   Section        0  stm32f4xx_it.o(.text)
    .text                                    0x080005c8   Section        0  system_stm32f4xx.o(.text)
    SetSysClock                              0x080005c9   Thumb Code   168  system_stm32f4xx.o(.text)
    .text                                    0x08000758   Section        0  led.o(.text)
    .text                                    0x08000798   Section        0  lcd.o(.text)
    .text                                    0x08004eb4   Section        0  key.o(.text)
    .text                                    0x08004fb8   Section        0  spi.o(.text)
    .text                                    0x0800521c   Section        0  w25qxx.o(.text)
    .text                                    0x080054e4   Section        0  rtc.o(.text)
    .text                                    0x08005714   Section        0  timer.o(.text)
    .text                                    0x08005988   Section        0  rfid.o(.text)
    .text                                    0x08005a64   Section        0  sz.o(.text)
    .text                                    0x08005aa0   Section        0  massage.o(.text)
    .text                                    0x08005b68   Section        0  id.o(.text)
    .text                                    0x08005bac   Section        0  iwdg.o(.text)
    .text                                    0x08005bd8   Section        0  driver.o(.text)
    .text                                    0x08005ea0   Section        0  delay.o(.text)
    .text                                    0x08005f58   Section        0  usart.o(.text)
    .text                                    0x08006220   Section       36  startup_stm32f40_41xxx.o(.text)
    $v0                                      0x08006220   Number         0  startup_stm32f40_41xxx.o(.text)
    .text                                    0x08006244   Section        0  misc.o(.text)
    .text                                    0x08006300   Section        0  stm32f4xx_gpio.o(.text)
    .text                                    0x08006564   Section        0  stm32f4xx_fsmc.o(.text)
    .text                                    0x080069e4   Section        0  stm32f4xx_rcc.o(.text)
    .text                                    0x08006ec4   Section        0  stm32f4xx_usart.o(.text)
    .text                                    0x080072b8   Section        0  stm32f4xx_tim.o(.text)
    TI4_Config                               0x08007965   Thumb Code    54  stm32f4xx_tim.o(.text)
    TI3_Config                               0x080079ab   Thumb Code    50  stm32f4xx_tim.o(.text)
    TI2_Config                               0x080079f5   Thumb Code    54  stm32f4xx_tim.o(.text)
    TI1_Config                               0x08007a3b   Thumb Code    46  stm32f4xx_tim.o(.text)
    .text                                    0x08007d7c   Section        0  stm32f4xx_spi.o(.text)
    .text                                    0x08008128   Section        0  stm32f4xx_rtc.o(.text)
    RTC_ByteToBcd2                           0x08008341   Thumb Code    24  stm32f4xx_rtc.o(.text)
    RTC_Bcd2ToByte                           0x08008359   Thumb Code    18  stm32f4xx_rtc.o(.text)
    .text                                    0x08008c34   Section        0  stm32f4xx_exti.o(.text)
    .text                                    0x08008d14   Section        0  stm32f4xx_pwr.o(.text)
    .text                                    0x08008e50   Section        0  stm32f4xx_iwdg.o(.text)
    .text                                    0x08008e8c   Section        0  fontupd.o(.text)
    .text                                    0x08008f1c   Section        0  text.o(.text)
    .text                                    0x08009168   Section        0  rc522.o(.text)
    .text                                    0x08009792   Section        0  memseta.o(.text)
    .text                                    0x080097b6   Section        0  strlen.o(.text)
    .text                                    0x080097c4   Section        0  dmul.o(.text)
    .text                                    0x080098a8   Section        0  dfltui.o(.text)
    .text                                    0x080098c2   Section        0  dfixui.o(.text)
    .text                                    0x080098f4   Section        0  uldiv.o(.text)
    .text                                    0x08009956   Section        0  llushr.o(.text)
    .text                                    0x08009976   Section        0  depilogue.o(.text)
    .text                                    0x08009976   Section        0  iusefp.o(.text)
    .text                                    0x08009a30   Section       36  init.o(.text)
    .text                                    0x08009a54   Section        0  llshl.o(.text)
    i.__0printf$5                            0x08009a74   Section        0  printf5.o(i.__0printf$5)
    i.__0sprintf$5                           0x08009a94   Section        0  printf5.o(i.__0sprintf$5)
    i.__scatterload_copy                     0x08009abc   Section       14  handlers.o(i.__scatterload_copy)
    i.__scatterload_null                     0x08009aca   Section        2  handlers.o(i.__scatterload_null)
    i.__scatterload_zeroinit                 0x08009acc   Section       14  handlers.o(i.__scatterload_zeroinit)
    i._printf_core                           0x08009adc   Section        0  printf5.o(i._printf_core)
    _printf_core                             0x08009add   Thumb Code   658  printf5.o(i._printf_core)
    i._sputc                                 0x08009d9c   Section        0  printf5.o(i._sputc)
    _sputc                                   0x08009d9d   Thumb Code    10  printf5.o(i._sputc)
    i.free                                   0x08009da8   Section        0  malloc.o(i.free)
    i.malloc                                 0x08009df8   Section        0  malloc.o(i.malloc)
    .constdata                               0x08009e64   Section     6080  lcd.o(.constdata)
    .constdata                               0x0800b624   Section       28  stm32f4xx_fsmc.o(.constdata)
    .data                                    0x20000000   Section       38  main.o(.data)
    .data                                    0x20000026   Section        6  main.o(.data)
    .data                                    0x2000002c   Section       20  system_stm32f4xx.o(.data)
    .data                                    0x20000040   Section        4  lcd.o(.data)
    .data                                    0x20000044   Section        1  key.o(.data)
    key_up                                   0x20000044   Data           1  key.o(.data)
    .data                                    0x20000045   Section        4  rtc.o(.data)
    .data                                    0x2000004a   Section        6  timer.o(.data)
    .data                                    0x20000050   Section        1  timer.o(.data)
    .data                                    0x20000051   Section       10  rfid.o(.data)
    .data                                    0x2000005b   Section       18  massage.o(.data)
    .data                                    0x20000070   Section       16  driver.o(.data)
    .data                                    0x20000080   Section        4  delay.o(.data)
    fac_us                                   0x20000080   Data           1  delay.o(.data)
    fac_ms                                   0x20000082   Data           2  delay.o(.data)
    .data                                    0x20000084   Section        2  usart.o(.data)
    .data                                    0x20000088   Section        4  usart.o(.data)
    .data                                    0x2000008c   Section       16  stm32f4xx_rcc.o(.data)
    APBAHBPrescTable                         0x2000008c   Data          16  stm32f4xx_rcc.o(.data)
    .data                                    0x2000009c   Section        4  mvars.o(.data)
    .data                                    0x200000a0   Section        4  mvars.o(.data)
    .bss                                     0x200000a4   Section       14  lcd.o(.bss)
    .bss                                     0x200000b2   Section     4096  w25qxx.o(.bss)
    .bss                                     0x200010b2   Section       16  rfid.o(.bss)
    .bss                                     0x200010c2   Section       18  massage.o(.bss)
    .bss                                     0x200010d4   Section       12  id.o(.bss)
    .bss                                     0x200010e0   Section      200  usart.o(.bss)
    .bss                                     0x200011a8   Section       33  fontupd.o(.bss)
    HEAP                                     0x200011d0   Section      512  startup_stm32f40_41xxx.o(HEAP)
    STACK                                    0x200013d0   Section     1024  startup_stm32f40_41xxx.o(STACK)

    Global Symbols

    Symbol Name                              Value     Ov Type        Size  Object(Section)

    BuildAttributes$$THM_ISAv4$E$P$D$K$B$S$7EM$VFPi3$EXTD16$VFPS$VFMA$PE$A:L22UL41UL21$X:L11$S22US41US21$IEEE1$IW$USESV6$~STKCKD$USESV7$~SHL$OSPACE$ROPI$EBA8$MICROLIB$REQ8$PRES8$EABIv2 0x00000000   Number         0  anon$$obj.o ABSOLUTE
    __ARM_use_no_argv                        0x00000000   Number         0  main.o ABSOLUTE
    __use_no_errno                           0x00000000   Number         0  useno.o ABSOLUTE
    __use_no_exception_handling              0x00000000   Number         0  useno.o ABSOLUTE
    __use_no_fp                              0x00000000   Number         0  useno.o ABSOLUTE
    __use_no_heap                            0x00000000   Number         0  useno.o ABSOLUTE
    __use_no_heap_region                     0x00000000   Number         0  useno.o ABSOLUTE
    __use_no_semihosting                     0x00000000   Number         0  useno.o ABSOLUTE
    __use_no_semihosting_swi                 0x00000000   Number         0  useno.o ABSOLUTE
    __use_no_signal_handling                 0x00000000   Number         0  useno.o ABSOLUTE
    _printf_a                                0x00000000   Number         0  stubs.o ABSOLUTE
    _printf_c                                0x00000000   Number         0  stubs.o ABSOLUTE
    _printf_charcount                        0x00000000   Number         0  stubs.o ABSOLUTE
    _printf_d                                0x00000000   Number         0  stubs.o ABSOLUTE
    _printf_e                                0x00000000   Number         0  stubs.o ABSOLUTE
    _printf_f                                0x00000000   Number         0  stubs.o ABSOLUTE
    _printf_flags                            0x00000000   Number         0  stubs.o ABSOLUTE
    _printf_fp_dec                           0x00000000   Number         0  stubs.o ABSOLUTE
    _printf_fp_hex                           0x00000000   Number         0  stubs.o ABSOLUTE
    _printf_g                                0x00000000   Number         0  stubs.o ABSOLUTE
    _printf_i                                0x00000000   Number         0  stubs.o ABSOLUTE
    _printf_int_dec                          0x00000000   Number         0  stubs.o ABSOLUTE
    _printf_l                                0x00000000   Number         0  stubs.o ABSOLUTE
    _printf_lc                               0x00000000   Number         0  stubs.o ABSOLUTE
    _printf_ll                               0x00000000   Number         0  stubs.o ABSOLUTE
    _printf_lld                              0x00000000   Number         0  stubs.o ABSOLUTE
    _printf_lli                              0x00000000   Number         0  stubs.o ABSOLUTE
    _printf_llo                              0x00000000   Number         0  stubs.o ABSOLUTE
    _printf_llu                              0x00000000   Number         0  stubs.o ABSOLUTE
    _printf_llx                              0x00000000   Number         0  stubs.o ABSOLUTE
    _printf_longlong_dec                     0x00000000   Number         0  stubs.o ABSOLUTE
    _printf_longlong_hex                     0x00000000   Number         0  stubs.o ABSOLUTE
    _printf_longlong_oct                     0x00000000   Number         0  stubs.o ABSOLUTE
    _printf_ls                               0x00000000   Number         0  stubs.o ABSOLUTE
    _printf_mbtowc                           0x00000000   Number         0  stubs.o ABSOLUTE
    _printf_n                                0x00000000   Number         0  stubs.o ABSOLUTE
    _printf_o                                0x00000000   Number         0  stubs.o ABSOLUTE
    _printf_p                                0x00000000   Number         0  stubs.o ABSOLUTE
    _printf_percent                          0x00000000   Number         0  stubs.o ABSOLUTE
    _printf_pre_padding                      0x00000000   Number         0  stubs.o ABSOLUTE
    _printf_return_value                     0x00000000   Number         0  stubs.o ABSOLUTE
    _printf_s                                0x00000000   Number         0  stubs.o ABSOLUTE
    _printf_sizespec                         0x00000000   Number         0  stubs.o ABSOLUTE
    _printf_str                              0x00000000   Number         0  stubs.o ABSOLUTE
    _printf_truncate_signed                  0x00000000   Number         0  stubs.o ABSOLUTE
    _printf_truncate_unsigned                0x00000000   Number         0  stubs.o ABSOLUTE
    _printf_u                                0x00000000   Number         0  stubs.o ABSOLUTE
    _printf_wc                               0x00000000   Number         0  stubs.o ABSOLUTE
    _printf_wctomb                           0x00000000   Number         0  stubs.o ABSOLUTE
    _printf_widthprec                        0x00000000   Number         0  stubs.o ABSOLUTE
    _printf_x                                0x00000000   Number         0  stubs.o ABSOLUTE
    __cpp_initialize__aeabi_                  - Undefined Weak Reference
    __cxa_finalize                            - Undefined Weak Reference
    __decompress                              - Undefined Weak Reference
    _clock_init                               - Undefined Weak Reference
    _microlib_exit                            - Undefined Weak Reference
    __Vectors_Size                           0x00000188   Number         0  startup_stm32f40_41xxx.o ABSOLUTE
    __Vectors                                0x08000000   Data           4  startup_stm32f40_41xxx.o(RESET)
    __Vectors_End                            0x08000188   Data           0  startup_stm32f40_41xxx.o(RESET)
    __main                                   0x08000189   Thumb Code     0  entry.o(.ARM.Collect$$$$00000000)
    _main_stk                                0x08000189   Thumb Code     0  entry2.o(.ARM.Collect$$$$00000001)
    _main_scatterload                        0x0800018d   Thumb Code     0  entry5.o(.ARM.Collect$$$$00000004)
    __main_after_scatterload                 0x08000191   Thumb Code     0  entry5.o(.ARM.Collect$$$$00000004)
    _main_clock                              0x08000191   Thumb Code     0  entry7b.o(.ARM.Collect$$$$00000008)
    _main_cpp_init                           0x08000191   Thumb Code     0  entry8b.o(.ARM.Collect$$$$0000000A)
    _main_init                               0x08000191   Thumb Code     0  entry9a.o(.ARM.Collect$$$$0000000B)
    __rt_final_cpp                           0x08000199   Thumb Code     0  entry10a.o(.ARM.Collect$$$$0000000D)
    __rt_final_exit                          0x08000199   Thumb Code     0  entry11a.o(.ARM.Collect$$$$0000000F)
    main                                     0x0800019d   Thumb Code  1000  main.o(.text)
    NMI_Handler                              0x080005b5   Thumb Code     2  stm32f4xx_it.o(.text)
    HardFault_Handler                        0x080005b7   Thumb Code     2  stm32f4xx_it.o(.text)
    MemManage_Handler                        0x080005b9   Thumb Code     2  stm32f4xx_it.o(.text)
    BusFault_Handler                         0x080005bb   Thumb Code     2  stm32f4xx_it.o(.text)
    UsageFault_Handler                       0x080005bd   Thumb Code     2  stm32f4xx_it.o(.text)
    SVC_Handler                              0x080005bf   Thumb Code     2  stm32f4xx_it.o(.text)
    DebugMon_Handler                         0x080005c1   Thumb Code     2  stm32f4xx_it.o(.text)
    PendSV_Handler                           0x080005c3   Thumb Code     2  stm32f4xx_it.o(.text)
    SysTick_Handler                          0x080005c5   Thumb Code     2  stm32f4xx_it.o(.text)
    SystemInit                               0x08000671   Thumb Code    74  system_stm32f4xx.o(.text)
    SystemCoreClockUpdate                    0x080006bb   Thumb Code   122  system_stm32f4xx.o(.text)
    LED_Init                                 0x08000759   Thumb Code    58  led.o(.text)
    LCD_WR_REG                               0x08000799   Thumb Code    18  lcd.o(.text)
    LCD_WR_DATA                              0x080007ab   Thumb Code    20  lcd.o(.text)
    LCD_RD_DATA                              0x080007bf   Thumb Code    16  lcd.o(.text)
    LCD_WriteReg                             0x080007cf   Thumb Code     8  lcd.o(.text)
    LCD_ReadReg                              0x080007d7   Thumb Code    18  lcd.o(.text)
    LCD_WriteRAM_Prepare                     0x080007e9   Thumb Code    10  lcd.o(.text)
    LCD_WriteRAM                             0x080007f3   Thumb Code     8  lcd.o(.text)
    LCD_BGR2RGB                              0x080007fb   Thumb Code    18  lcd.o(.text)
    opt_delay                                0x0800080d   Thumb Code     8  lcd.o(.text)
    LCD_SetCursor                            0x08000815   Thumb Code   362  lcd.o(.text)
    LCD_ReadPoint                            0x0800097f   Thumb Code   264  lcd.o(.text)
    LCD_DisplayOn                            0x08000a87   Thumb Code    62  lcd.o(.text)
    LCD_DisplayOff                           0x08000ac5   Thumb Code    60  lcd.o(.text)
    LCD_Scan_Dir                             0x08000b01   Thumb Code   534  lcd.o(.text)
    LCD_DrawPoint                            0x08000d17   Thumb Code    20  lcd.o(.text)
    LCD_Fast_DrawPoint                       0x08000d2b   Thumb Code   312  lcd.o(.text)
    LCD_SSD_BackLightSet                     0x08000e63   Thumb Code    70  lcd.o(.text)
    LCD_Display_Dir                          0x08000ea9   Thumb Code   314  lcd.o(.text)
    LCD_Set_Window                           0x08000fe3   Thumb Code   504  lcd.o(.text)
    LCD_Clear                                0x080011db   Thumb Code   142  lcd.o(.text)
    LCD_Init                                 0x08001269   Thumb Code 14216  lcd.o(.text)
    LCD_Fill                                 0x080049f1   Thumb Code   140  lcd.o(.text)
    LCD_Color_Fill                           0x08004a7d   Thumb Code    84  lcd.o(.text)
    LCD_DrawLine                             0x08004ad1   Thumb Code   162  lcd.o(.text)
    LCD_DrawRectangle                        0x08004b73   Thumb Code    60  lcd.o(.text)
    LCD_Draw_Circle                          0x08004baf   Thumb Code   180  lcd.o(.text)
    LCD_ShowChar                             0x08004c63   Thumb Code   202  lcd.o(.text)
    LCD_Pow                                  0x08004d2d   Thumb Code    16  lcd.o(.text)
    LCD_ShowNum                              0x08004d3d   Thumb Code   122  lcd.o(.text)
    LCD_ShowxNum                             0x08004db7   Thumb Code   152  lcd.o(.text)
    LCD_ShowString                           0x08004e4f   Thumb Code    82  lcd.o(.text)
    KEY_Init                                 0x08004eb5   Thumb Code    58  key.o(.text)
    KEY_Scan                                 0x08004eef   Thumb Code   190  key.o(.text)
    SPI1_ReadWriteByte                       0x08004fb9   Thumb Code    48  spi.o(.text)
    SPI1_Init                                0x08004fe9   Thumb Code   186  spi.o(.text)
    SPI1_SetSpeed                            0x080050a3   Thumb Code    24  spi.o(.text)
    SPI3_ReadWriteByte                       0x080050bb   Thumb Code    48  spi.o(.text)
    RC522_SPI3_Init                          0x080050eb   Thumb Code   282  spi.o(.text)
    W25QXX_Init                              0x0800521d   Thumb Code     2  w25qxx.o(.text)
    W25QXX_ReadSR                            0x0800521f   Thumb Code    26  w25qxx.o(.text)
    W25QXX_Write_SR                          0x08005239   Thumb Code    28  w25qxx.o(.text)
    W25QXX_Write_Enable                      0x08005255   Thumb Code    20  w25qxx.o(.text)
    W25QXX_Write_Disable                     0x08005269   Thumb Code    20  w25qxx.o(.text)
    W25QXX_ReadID                            0x0800527d   Thumb Code    56  w25qxx.o(.text)
    W25QXX_Read                              0x080052b5   Thumb Code    76  w25qxx.o(.text)
    W25QXX_Wait_Busy                         0x08005301   Thumb Code    12  w25qxx.o(.text)
    W25QXX_Write_Page                        0x0800530d   Thumb Code    80  w25qxx.o(.text)
    W25QXX_Write_NoCheck                     0x0800535d   Thumb Code    60  w25qxx.o(.text)
    W25QXX_Erase_Sector                      0x08005399   Thumb Code    66  w25qxx.o(.text)
    W25QXX_Write                             0x080053db   Thumb Code   158  w25qxx.o(.text)
    W25QXX_Erase_Chip                        0x08005479   Thumb Code    32  w25qxx.o(.text)
    W25QXX_PowerDown                         0x08005499   Thumb Code    28  w25qxx.o(.text)
    W25QXX_WAKEUP                            0x080054b5   Thumb Code    28  w25qxx.o(.text)
    RTC_Set_Time                             0x080054e5   Thumb Code    28  rtc.o(.text)
    RTC_Set_Date                             0x08005501   Thumb Code    28  rtc.o(.text)
    My_RTC_Init                              0x0800551d   Thumb Code   136  rtc.o(.text)
    RTC_Set_AlarmA                           0x080055a5   Thumb Code   152  rtc.o(.text)
    RTC_Set_WakeUp                           0x0800563d   Thumb Code   102  rtc.o(.text)
    RTC_Alarm_IRQHandler                     0x080056a3   Thumb Code    40  rtc.o(.text)
    RTC_WKUP_IRQHandler                      0x080056cb   Thumb Code    52  rtc.o(.text)
    TIM3_Int_Init                            0x08005715   Thumb Code    86  timer.o(.text)
    TIM2_Int_Init                            0x0800576b   Thumb Code    98  timer.o(.text)
    TIM2_IRQHandler                          0x080057cd   Thumb Code   146  timer.o(.text)
    TIM3_IRQHandler                          0x0800585f   Thumb Code   220  timer.o(.text)
    rc522_read                               0x08005989   Thumb Code   122  rfid.o(.text)
    myrc522_write                            0x08005a03   Thumb Code    86  rfid.o(.text)
    SZ_Init                                  0x08005a65   Thumb Code    56  sz.o(.text)
    massage_flag                             0x08005aa1   Thumb Code    98  massage.o(.text)
    massage_init                             0x08005b03   Thumb Code    72  massage.o(.text)
    Get_ChipID                               0x08005b69   Thumb Code    60  id.o(.text)
    IWDG_Init                                0x08005bad   Thumb Code    38  iwdg.o(.text)
    IWDG_Feed                                0x08005bd3   Thumb Code     4  iwdg.o(.text)
    Driver_Init                              0x08005bd9   Thumb Code    64  driver.o(.text)
    TIM8_OPM_RCR_Init                        0x08005c19   Thumb Code   226  driver.o(.text)
    TIM8_UP_TIM13_IRQHandler                 0x08005cfb   Thumb Code   140  driver.o(.text)
    TIM8_Startup                             0x08005d87   Thumb Code    50  driver.o(.text)
    Locate_Rle                               0x08005db9   Thumb Code    86  driver.o(.text)
    Locate_Abs                               0x08005e0f   Thumb Code   116  driver.o(.text)
    delay_init                               0x08005ea1   Thumb Code    38  delay.o(.text)
    delay_us                                 0x08005ec7   Thumb Code    46  delay.o(.text)
    delay_xms                                0x08005ef5   Thumb Code    46  delay.o(.text)
    delay_ms                                 0x08005f23   Thumb Code    50  delay.o(.text)
    _sys_exit                                0x08005f59   Thumb Code     2  usart.o(.text)
    fputc                                    0x08005f5b   Thumb Code    18  usart.o(.text)
    uart_init                                0x08005f6d   Thumb Code   170  usart.o(.text)
    USART1_IRQHandler                        0x08006017   Thumb Code   146  usart.o(.text)
    uart2_init                               0x080060a9   Thumb Code   162  usart.o(.text)
    USART2_IRQHandler                        0x0800614b   Thumb Code   144  usart.o(.text)
    U2SendChar                               0x080061db   Thumb Code    20  usart.o(.text)
    U2Send_String                            0x080061ef   Thumb Code    20  usart.o(.text)
    Reset_Handler                            0x08006221   Thumb Code     8  startup_stm32f40_41xxx.o(.text)
    ADC_IRQHandler                           0x0800623b   Thumb Code     0  startup_stm32f40_41xxx.o(.text)
    CAN1_RX0_IRQHandler                      0x0800623b   Thumb Code     0  startup_stm32f40_41xxx.o(.text)
    CAN1_RX1_IRQHandler                      0x0800623b   Thumb Code     0  startup_stm32f40_41xxx.o(.text)
    CAN1_SCE_IRQHandler                      0x0800623b   Thumb Code     0  startup_stm32f40_41xxx.o(.text)
    CAN1_TX_IRQHandler                       0x0800623b   Thumb Code     0  startup_stm32f40_41xxx.o(.text)
    CAN2_RX0_IRQHandler                      0x0800623b   Thumb Code     0  startup_stm32f40_41xxx.o(.text)
    CAN2_RX1_IRQHandler                      0x0800623b   Thumb Code     0  startup_stm32f40_41xxx.o(.text)
    CAN2_SCE_IRQHandler                      0x0800623b   Thumb Code     0  startup_stm32f40_41xxx.o(.text)
    CAN2_TX_IRQHandler                       0x0800623b   Thumb Code     0  startup_stm32f40_41xxx.o(.text)
    CRYP_IRQHandler                          0x0800623b   Thumb Code     0  startup_stm32f40_41xxx.o(.text)
    DCMI_IRQHandler                          0x0800623b   Thumb Code     0  startup_stm32f40_41xxx.o(.text)
    DMA1_Stream0_IRQHandler                  0x0800623b   Thumb Code     0  startup_stm32f40_41xxx.o(.text)
    DMA1_Stream1_IRQHandler                  0x0800623b   Thumb Code     0  startup_stm32f40_41xxx.o(.text)
    DMA1_Stream2_IRQHandler                  0x0800623b   Thumb Code     0  startup_stm32f40_41xxx.o(.text)
    DMA1_Stream3_IRQHandler                  0x0800623b   Thumb Code     0  startup_stm32f40_41xxx.o(.text)
    DMA1_Stream4_IRQHandler                  0x0800623b   Thumb Code     0  startup_stm32f40_41xxx.o(.text)
    DMA1_Stream5_IRQHandler                  0x0800623b   Thumb Code     0  startup_stm32f40_41xxx.o(.text)
    DMA1_Stream6_IRQHandler                  0x0800623b   Thumb Code     0  startup_stm32f40_41xxx.o(.text)
    DMA1_Stream7_IRQHandler                  0x0800623b   Thumb Code     0  startup_stm32f40_41xxx.o(.text)
    DMA2_Stream0_IRQHandler                  0x0800623b   Thumb Code     0  startup_stm32f40_41xxx.o(.text)
    DMA2_Stream1_IRQHandler                  0x0800623b   Thumb Code     0  startup_stm32f40_41xxx.o(.text)
    DMA2_Stream2_IRQHandler                  0x0800623b   Thumb Code     0  startup_stm32f40_41xxx.o(.text)
    DMA2_Stream3_IRQHandler                  0x0800623b   Thumb Code     0  startup_stm32f40_41xxx.o(.text)
    DMA2_Stream4_IRQHandler                  0x0800623b   Thumb Code     0  startup_stm32f40_41xxx.o(.text)
    DMA2_Stream5_IRQHandler                  0x0800623b   Thumb Code     0  startup_stm32f40_41xxx.o(.text)
    DMA2_Stream6_IRQHandler                  0x0800623b   Thumb Code     0  startup_stm32f40_41xxx.o(.text)
    DMA2_Stream7_IRQHandler                  0x0800623b   Thumb Code     0  startup_stm32f40_41xxx.o(.text)
    ETH_IRQHandler                           0x0800623b   Thumb Code     0  startup_stm32f40_41xxx.o(.text)
    ETH_WKUP_IRQHandler                      0x0800623b   Thumb Code     0  startup_stm32f40_41xxx.o(.text)
    EXTI0_IRQHandler                         0x0800623b   Thumb Code     0  startup_stm32f40_41xxx.o(.text)
    EXTI15_10_IRQHandler                     0x0800623b   Thumb Code     0  startup_stm32f40_41xxx.o(.text)
    EXTI1_IRQHandler                         0x0800623b   Thumb Code     0  startup_stm32f40_41xxx.o(.text)
    EXTI2_IRQHandler                         0x0800623b   Thumb Code     0  startup_stm32f40_41xxx.o(.text)
    EXTI3_IRQHandler                         0x0800623b   Thumb Code     0  startup_stm32f40_41xxx.o(.text)
    EXTI4_IRQHandler                         0x0800623b   Thumb Code     0  startup_stm32f40_41xxx.o(.text)
    EXTI9_5_IRQHandler                       0x0800623b   Thumb Code     0  startup_stm32f40_41xxx.o(.text)
    FLASH_IRQHandler                         0x0800623b   Thumb Code     0  startup_stm32f40_41xxx.o(.text)
    FPU_IRQHandler                           0x0800623b   Thumb Code     0  startup_stm32f40_41xxx.o(.text)
    FSMC_IRQHandler                          0x0800623b   Thumb Code     0  startup_stm32f40_41xxx.o(.text)
    HASH_RNG_IRQHandler                      0x0800623b   Thumb Code     0  startup_stm32f40_41xxx.o(.text)
    I2C1_ER_IRQHandler                       0x0800623b   Thumb Code     0  startup_stm32f40_41xxx.o(.text)
    I2C1_EV_IRQHandler                       0x0800623b   Thumb Code     0  startup_stm32f40_41xxx.o(.text)
    I2C2_ER_IRQHandler                       0x0800623b   Thumb Code     0  startup_stm32f40_41xxx.o(.text)
    I2C2_EV_IRQHandler                       0x0800623b   Thumb Code     0  startup_stm32f40_41xxx.o(.text)
    I2C3_ER_IRQHandler                       0x0800623b   Thumb Code     0  startup_stm32f40_41xxx.o(.text)
    I2C3_EV_IRQHandler                       0x0800623b   Thumb Code     0  startup_stm32f40_41xxx.o(.text)
    OTG_FS_IRQHandler                        0x0800623b   Thumb Code     0  startup_stm32f40_41xxx.o(.text)
    OTG_FS_WKUP_IRQHandler                   0x0800623b   Thumb Code     0  startup_stm32f40_41xxx.o(.text)
    OTG_HS_EP1_IN_IRQHandler                 0x0800623b   Thumb Code     0  startup_stm32f40_41xxx.o(.text)
    OTG_HS_EP1_OUT_IRQHandler                0x0800623b   Thumb Code     0  startup_stm32f40_41xxx.o(.text)
    OTG_HS_IRQHandler                        0x0800623b   Thumb Code     0  startup_stm32f40_41xxx.o(.text)
    OTG_HS_WKUP_IRQHandler                   0x0800623b   Thumb Code     0  startup_stm32f40_41xxx.o(.text)
    PVD_IRQHandler                           0x0800623b   Thumb Code     0  startup_stm32f40_41xxx.o(.text)
    RCC_IRQHandler                           0x0800623b   Thumb Code     0  startup_stm32f40_41xxx.o(.text)
    SDIO_IRQHandler                          0x0800623b   Thumb Code     0  startup_stm32f40_41xxx.o(.text)
    SPI1_IRQHandler                          0x0800623b   Thumb Code     0  startup_stm32f40_41xxx.o(.text)
    SPI2_IRQHandler                          0x0800623b   Thumb Code     0  startup_stm32f40_41xxx.o(.text)
    SPI3_IRQHandler                          0x0800623b   Thumb Code     0  startup_stm32f40_41xxx.o(.text)
    TAMP_STAMP_IRQHandler                    0x0800623b   Thumb Code     0  startup_stm32f40_41xxx.o(.text)
    TIM1_BRK_TIM9_IRQHandler                 0x0800623b   Thumb Code     0  startup_stm32f40_41xxx.o(.text)
    TIM1_CC_IRQHandler                       0x0800623b   Thumb Code     0  startup_stm32f40_41xxx.o(.text)
    TIM1_TRG_COM_TIM11_IRQHandler            0x0800623b   Thumb Code     0  startup_stm32f40_41xxx.o(.text)
    TIM1_UP_TIM10_IRQHandler                 0x0800623b   Thumb Code     0  startup_stm32f40_41xxx.o(.text)
    TIM4_IRQHandler                          0x0800623b   Thumb Code     0  startup_stm32f40_41xxx.o(.text)
    TIM5_IRQHandler                          0x0800623b   Thumb Code     0  startup_stm32f40_41xxx.o(.text)
    TIM6_DAC_IRQHandler                      0x0800623b   Thumb Code     0  startup_stm32f40_41xxx.o(.text)
    TIM7_IRQHandler                          0x0800623b   Thumb Code     0  startup_stm32f40_41xxx.o(.text)
    TIM8_BRK_TIM12_IRQHandler                0x0800623b   Thumb Code     0  startup_stm32f40_41xxx.o(.text)
    TIM8_CC_IRQHandler                       0x0800623b   Thumb Code     0  startup_stm32f40_41xxx.o(.text)
    TIM8_TRG_COM_TIM14_IRQHandler            0x0800623b   Thumb Code     0  startup_stm32f40_41xxx.o(.text)
    UART4_IRQHandler                         0x0800623b   Thumb Code     0  startup_stm32f40_41xxx.o(.text)
    UART5_IRQHandler                         0x0800623b   Thumb Code     0  startup_stm32f40_41xxx.o(.text)
    USART3_IRQHandler                        0x0800623b   Thumb Code     0  startup_stm32f40_41xxx.o(.text)
    USART6_IRQHandler                        0x0800623b   Thumb Code     0  startup_stm32f40_41xxx.o(.text)
    WWDG_IRQHandler                          0x0800623b   Thumb Code     0  startup_stm32f40_41xxx.o(.text)
    NVIC_PriorityGroupConfig                 0x08006245   Thumb Code    10  misc.o(.text)
    NVIC_Init                                0x0800624f   Thumb Code    98  misc.o(.text)
    NVIC_SetVectorTable                      0x080062b1   Thumb Code    14  misc.o(.text)
    NVIC_SystemLPConfig                      0x080062bf   Thumb Code    24  misc.o(.text)
    SysTick_CLKSourceConfig                  0x080062d7   Thumb Code    28  misc.o(.text)
    GPIO_DeInit                              0x08006301   Thumb Code   296  stm32f4xx_gpio.o(.text)
    GPIO_Init                                0x08006429   Thumb Code   124  stm32f4xx_gpio.o(.text)
    GPIO_StructInit                          0x080064a5   Thumb Code    18  stm32f4xx_gpio.o(.text)
    GPIO_PinLockConfig                       0x080064b7   Thumb Code    26  stm32f4xx_gpio.o(.text)
    GPIO_ReadInputDataBit                    0x080064d1   Thumb Code    14  stm32f4xx_gpio.o(.text)
    GPIO_ReadInputData                       0x080064df   Thumb Code     6  stm32f4xx_gpio.o(.text)
    GPIO_ReadOutputDataBit                   0x080064e5   Thumb Code    14  stm32f4xx_gpio.o(.text)
    GPIO_ReadOutputData                      0x080064f3   Thumb Code     6  stm32f4xx_gpio.o(.text)
    GPIO_SetBits                             0x080064f9   Thumb Code     4  stm32f4xx_gpio.o(.text)
    GPIO_ResetBits                           0x080064fd   Thumb Code     4  stm32f4xx_gpio.o(.text)
    GPIO_WriteBit                            0x08006501   Thumb Code    12  stm32f4xx_gpio.o(.text)
    GPIO_Write                               0x0800650d   Thumb Code     4  stm32f4xx_gpio.o(.text)
    GPIO_ToggleBits                          0x08006511   Thumb Code     8  stm32f4xx_gpio.o(.text)
    GPIO_PinAFConfig                         0x08006519   Thumb Code    32  stm32f4xx_gpio.o(.text)
    FSMC_NORSRAMDeInit                       0x08006565   Thumb Code    48  stm32f4xx_fsmc.o(.text)
    FSMC_NORSRAMInit                         0x08006595   Thumb Code   202  stm32f4xx_fsmc.o(.text)
    FSMC_NORSRAMStructInit                   0x0800665f   Thumb Code    42  stm32f4xx_fsmc.o(.text)
    FSMC_NORSRAMCmd                          0x08006689   Thumb Code    30  stm32f4xx_fsmc.o(.text)
    FSMC_NANDDeInit                          0x080066a7   Thumb Code    40  stm32f4xx_fsmc.o(.text)
    FSMC_NANDInit                            0x080066cf   Thumb Code   104  stm32f4xx_fsmc.o(.text)
    FSMC_NANDStructInit                      0x08006737   Thumb Code    54  stm32f4xx_fsmc.o(.text)
    FSMC_NANDCmd                             0x0800676d   Thumb Code    60  stm32f4xx_fsmc.o(.text)
    FSMC_NANDECCCmd                          0x080067a9   Thumb Code    60  stm32f4xx_fsmc.o(.text)
    FSMC_GetECC                              0x080067e5   Thumb Code    18  stm32f4xx_fsmc.o(.text)
    FSMC_PCCARDDeInit                        0x080067f7   Thumb Code    22  stm32f4xx_fsmc.o(.text)
    FSMC_PCCARDInit                          0x0800680d   Thumb Code    98  stm32f4xx_fsmc.o(.text)
    FSMC_PCCARDStructInit                    0x0800686f   Thumb Code    60  stm32f4xx_fsmc.o(.text)
    FSMC_PCCARDCmd                           0x080068ab   Thumb Code    34  stm32f4xx_fsmc.o(.text)
    FSMC_ITConfig                            0x080068cd   Thumb Code    86  stm32f4xx_fsmc.o(.text)
    FSMC_GetFlagStatus                       0x08006923   Thumb Code    40  stm32f4xx_fsmc.o(.text)
    FSMC_ClearFlag                           0x0800694b   Thumb Code    42  stm32f4xx_fsmc.o(.text)
    FSMC_GetITStatus                         0x08006975   Thumb Code    52  stm32f4xx_fsmc.o(.text)
    FSMC_ClearITPendingBit                   0x080069a9   Thumb Code    48  stm32f4xx_fsmc.o(.text)
    RCC_DeInit                               0x080069e5   Thumb Code    68  stm32f4xx_rcc.o(.text)
    RCC_HSEConfig                            0x08006a29   Thumb Code    12  stm32f4xx_rcc.o(.text)
    RCC_GetFlagStatus                        0x08006a35   Thumb Code    50  stm32f4xx_rcc.o(.text)
    RCC_WaitForHSEStartUp                    0x08006a67   Thumb Code    48  stm32f4xx_rcc.o(.text)
    RCC_AdjustHSICalibrationValue            0x08006a97   Thumb Code    16  stm32f4xx_rcc.o(.text)
    RCC_HSICmd                               0x08006aa7   Thumb Code     6  stm32f4xx_rcc.o(.text)
    RCC_LSEConfig                            0x08006aad   Thumb Code    30  stm32f4xx_rcc.o(.text)
    RCC_LSICmd                               0x08006acb   Thumb Code     6  stm32f4xx_rcc.o(.text)
    RCC_PLLConfig                            0x08006ad1   Thumb Code    34  stm32f4xx_rcc.o(.text)
    RCC_PLLCmd                               0x08006af3   Thumb Code     6  stm32f4xx_rcc.o(.text)
    RCC_PLLI2SConfig                         0x08006af9   Thumb Code    14  stm32f4xx_rcc.o(.text)
    RCC_PLLI2SCmd                            0x08006b07   Thumb Code     6  stm32f4xx_rcc.o(.text)
    RCC_PLLSAIConfig                         0x08006b0d   Thumb Code    18  stm32f4xx_rcc.o(.text)
    RCC_PLLSAICmd                            0x08006b1f   Thumb Code     6  stm32f4xx_rcc.o(.text)
    RCC_ClockSecuritySystemCmd               0x08006b25   Thumb Code     6  stm32f4xx_rcc.o(.text)
    RCC_MCO1Config                           0x08006b2b   Thumb Code    18  stm32f4xx_rcc.o(.text)
    RCC_MCO2Config                           0x08006b3d   Thumb Code    18  stm32f4xx_rcc.o(.text)
    RCC_SYSCLKConfig                         0x08006b4f   Thumb Code    16  stm32f4xx_rcc.o(.text)
    RCC_GetSYSCLKSource                      0x08006b5f   Thumb Code    12  stm32f4xx_rcc.o(.text)
    RCC_HCLKConfig                           0x08006b6b   Thumb Code    16  stm32f4xx_rcc.o(.text)
    RCC_PCLK1Config                          0x08006b7b   Thumb Code    16  stm32f4xx_rcc.o(.text)
    RCC_PCLK2Config                          0x08006b8b   Thumb Code    18  stm32f4xx_rcc.o(.text)
    RCC_GetClocksFreq                        0x08006b9d   Thumb Code   150  stm32f4xx_rcc.o(.text)
    RCC_RTCCLKConfig                         0x08006c33   Thumb Code    42  stm32f4xx_rcc.o(.text)
    RCC_RTCCLKCmd                            0x08006c5d   Thumb Code     8  stm32f4xx_rcc.o(.text)
    RCC_BackupResetCmd                       0x08006c65   Thumb Code     8  stm32f4xx_rcc.o(.text)
    RCC_I2SCLKConfig                         0x08006c6d   Thumb Code     6  stm32f4xx_rcc.o(.text)
    RCC_SAIPLLI2SClkDivConfig                0x08006c73   Thumb Code    18  stm32f4xx_rcc.o(.text)
    RCC_SAIPLLSAIClkDivConfig                0x08006c85   Thumb Code    20  stm32f4xx_rcc.o(.text)
    RCC_SAIBlockACLKConfig                   0x08006c99   Thumb Code    16  stm32f4xx_rcc.o(.text)
    RCC_SAIBlockBCLKConfig                   0x08006ca9   Thumb Code    16  stm32f4xx_rcc.o(.text)
    RCC_LTDCCLKDivConfig                     0x08006cb9   Thumb Code    16  stm32f4xx_rcc.o(.text)
    RCC_TIMCLKPresConfig                     0x08006cc9   Thumb Code     6  stm32f4xx_rcc.o(.text)
    RCC_AHB1PeriphClockCmd                   0x08006ccf   Thumb Code    24  stm32f4xx_rcc.o(.text)
    RCC_AHB2PeriphClockCmd                   0x08006ce7   Thumb Code    24  stm32f4xx_rcc.o(.text)
    RCC_AHB3PeriphClockCmd                   0x08006cff   Thumb Code    24  stm32f4xx_rcc.o(.text)
    RCC_APB1PeriphClockCmd                   0x08006d17   Thumb Code    24  stm32f4xx_rcc.o(.text)
    RCC_APB2PeriphClockCmd                   0x08006d2f   Thumb Code    24  stm32f4xx_rcc.o(.text)
    RCC_AHB1PeriphResetCmd                   0x08006d47   Thumb Code    24  stm32f4xx_rcc.o(.text)
    RCC_AHB2PeriphResetCmd                   0x08006d5f   Thumb Code    24  stm32f4xx_rcc.o(.text)
    RCC_AHB3PeriphResetCmd                   0x08006d77   Thumb Code    24  stm32f4xx_rcc.o(.text)
    RCC_APB1PeriphResetCmd                   0x08006d8f   Thumb Code    24  stm32f4xx_rcc.o(.text)
    RCC_APB2PeriphResetCmd                   0x08006da7   Thumb Code    24  stm32f4xx_rcc.o(.text)
    RCC_AHB1PeriphClockLPModeCmd             0x08006dbf   Thumb Code    70  stm32f4xx_rcc.o(.text)
    RCC_AHB2PeriphClockLPModeCmd             0x08006e05   Thumb Code    22  stm32f4xx_rcc.o(.text)
    RCC_AHB3PeriphClockLPModeCmd             0x08006e1b   Thumb Code    24  stm32f4xx_rcc.o(.text)
    RCC_APB1PeriphClockLPModeCmd             0x08006e33   Thumb Code    24  stm32f4xx_rcc.o(.text)
    RCC_APB2PeriphClockLPModeCmd             0x08006e4b   Thumb Code    24  stm32f4xx_rcc.o(.text)
    RCC_LSEModeConfig                        0x08006e63   Thumb Code    28  stm32f4xx_rcc.o(.text)
    RCC_ITConfig                             0x08006e7f   Thumb Code    24  stm32f4xx_rcc.o(.text)
    RCC_ClearFlag                            0x08006e97   Thumb Code    14  stm32f4xx_rcc.o(.text)
    RCC_GetITStatus                          0x08006ea5   Thumb Code    18  stm32f4xx_rcc.o(.text)
    RCC_ClearITPendingBit                    0x08006eb7   Thumb Code     8  stm32f4xx_rcc.o(.text)
    USART_DeInit                             0x08006ec5   Thumb Code   224  stm32f4xx_usart.o(.text)
    USART_Init                               0x08006fa5   Thumb Code   180  stm32f4xx_usart.o(.text)
    USART_StructInit                         0x08007059   Thumb Code    22  stm32f4xx_usart.o(.text)
    USART_ClockInit                          0x0800706f   Thumb Code    28  stm32f4xx_usart.o(.text)
    USART_ClockStructInit                    0x0800708b   Thumb Code    12  stm32f4xx_usart.o(.text)
    USART_Cmd                                0x08007097   Thumb Code    24  stm32f4xx_usart.o(.text)
    USART_SetPrescaler                       0x080070af   Thumb Code    16  stm32f4xx_usart.o(.text)
    USART_OverSampling8Cmd                   0x080070bf   Thumb Code    24  stm32f4xx_usart.o(.text)
    USART_OneBitMethodCmd                    0x080070d7   Thumb Code    24  stm32f4xx_usart.o(.text)
    USART_SendData                           0x080070ef   Thumb Code     8  stm32f4xx_usart.o(.text)
    USART_ReceiveData                        0x080070f7   Thumb Code     8  stm32f4xx_usart.o(.text)
    USART_SetAddress                         0x080070ff   Thumb Code    16  stm32f4xx_usart.o(.text)
    USART_ReceiverWakeUpCmd                  0x0800710f   Thumb Code    24  stm32f4xx_usart.o(.text)
    USART_WakeUpConfig                       0x08007127   Thumb Code    16  stm32f4xx_usart.o(.text)
    USART_LINBreakDetectLengthConfig         0x08007137   Thumb Code    16  stm32f4xx_usart.o(.text)
    USART_LINCmd                             0x08007147   Thumb Code    24  stm32f4xx_usart.o(.text)
    USART_SendBreak                          0x0800715f   Thumb Code    10  stm32f4xx_usart.o(.text)
    USART_HalfDuplexCmd                      0x08007169   Thumb Code    24  stm32f4xx_usart.o(.text)
    USART_SetGuardTime                       0x08007181   Thumb Code    16  stm32f4xx_usart.o(.text)
    USART_SmartCardCmd                       0x08007191   Thumb Code    24  stm32f4xx_usart.o(.text)
    USART_SmartCardNACKCmd                   0x080071a9   Thumb Code    24  stm32f4xx_usart.o(.text)
    USART_IrDAConfig                         0x080071c1   Thumb Code    16  stm32f4xx_usart.o(.text)
    USART_IrDACmd                            0x080071d1   Thumb Code    24  stm32f4xx_usart.o(.text)
    USART_DMACmd                             0x080071e9   Thumb Code    20  stm32f4xx_usart.o(.text)
    USART_ITConfig                           0x080071fd   Thumb Code    54  stm32f4xx_usart.o(.text)
    USART_GetFlagStatus                      0x08007233   Thumb Code    14  stm32f4xx_usart.o(.text)
    USART_ClearFlag                          0x08007241   Thumb Code     8  stm32f4xx_usart.o(.text)
    USART_GetITStatus                        0x08007249   Thumb Code    64  stm32f4xx_usart.o(.text)
    USART_ClearITPendingBit                  0x08007289   Thumb Code    16  stm32f4xx_usart.o(.text)
    TIM_DeInit                               0x080072b9   Thumb Code   376  stm32f4xx_tim.o(.text)
    TIM_TimeBaseInit                         0x08007431   Thumb Code    96  stm32f4xx_tim.o(.text)
    TIM_TimeBaseStructInit                   0x08007491   Thumb Code    18  stm32f4xx_tim.o(.text)
    TIM_PrescalerConfig                      0x080074a3   Thumb Code     6  stm32f4xx_tim.o(.text)
    TIM_CounterModeConfig                    0x080074a9   Thumb Code    12  stm32f4xx_tim.o(.text)
    TIM_SetCounter                           0x080074b5   Thumb Code     4  stm32f4xx_tim.o(.text)
    TIM_SetAutoreload                        0x080074b9   Thumb Code     4  stm32f4xx_tim.o(.text)
    TIM_GetCounter                           0x080074bd   Thumb Code     4  stm32f4xx_tim.o(.text)
    TIM_GetPrescaler                         0x080074c1   Thumb Code     4  stm32f4xx_tim.o(.text)
    TIM_UpdateDisableConfig                  0x080074c5   Thumb Code    24  stm32f4xx_tim.o(.text)
    TIM_UpdateRequestConfig                  0x080074dd   Thumb Code    24  stm32f4xx_tim.o(.text)
    TIM_ARRPreloadConfig                     0x080074f5   Thumb Code    24  stm32f4xx_tim.o(.text)
    TIM_SelectOnePulseMode                   0x0800750d   Thumb Code    16  stm32f4xx_tim.o(.text)
    TIM_SetClockDivision                     0x0800751d   Thumb Code    16  stm32f4xx_tim.o(.text)
    TIM_Cmd                                  0x0800752d   Thumb Code    24  stm32f4xx_tim.o(.text)
    TIM_OC1Init                              0x08007545   Thumb Code    96  stm32f4xx_tim.o(.text)
    TIM_OC2Init                              0x080075a5   Thumb Code   128  stm32f4xx_tim.o(.text)
    TIM_OC3Init                              0x08007625   Thumb Code   176  stm32f4xx_tim.o(.text)
    TIM_OC4Init                              0x080076d5   Thumb Code    92  stm32f4xx_tim.o(.text)
    TIM_OCStructInit                         0x08007731   Thumb Code    20  stm32f4xx_tim.o(.text)
    TIM_SelectOCxM                           0x08007745   Thumb Code    80  stm32f4xx_tim.o(.text)
    TIM_SetCompare1                          0x08007795   Thumb Code     4  stm32f4xx_tim.o(.text)
    TIM_SetCompare2                          0x08007799   Thumb Code     4  stm32f4xx_tim.o(.text)
    TIM_SetCompare3                          0x0800779d   Thumb Code     4  stm32f4xx_tim.o(.text)
    TIM_SetCompare4                          0x080077a1   Thumb Code     4  stm32f4xx_tim.o(.text)
    TIM_ForcedOC1Config                      0x080077a5   Thumb Code    12  stm32f4xx_tim.o(.text)
    TIM_ForcedOC2Config                      0x080077b1   Thumb Code    20  stm32f4xx_tim.o(.text)
    TIM_ForcedOC3Config                      0x080077c5   Thumb Code    12  stm32f4xx_tim.o(.text)
    TIM_ForcedOC4Config                      0x080077d1   Thumb Code    20  stm32f4xx_tim.o(.text)
    TIM_OC1PreloadConfig                     0x080077e5   Thumb Code    12  stm32f4xx_tim.o(.text)
    TIM_OC2PreloadConfig                     0x080077f1   Thumb Code    20  stm32f4xx_tim.o(.text)
    TIM_OC3PreloadConfig                     0x08007805   Thumb Code    12  stm32f4xx_tim.o(.text)
    TIM_OC4PreloadConfig                     0x08007811   Thumb Code    20  stm32f4xx_tim.o(.text)
    TIM_OC1FastConfig                        0x08007825   Thumb Code    12  stm32f4xx_tim.o(.text)
    TIM_OC2FastConfig                        0x08007831   Thumb Code    20  stm32f4xx_tim.o(.text)
    TIM_OC3FastConfig                        0x08007845   Thumb Code    12  stm32f4xx_tim.o(.text)
    TIM_OC4FastConfig                        0x08007851   Thumb Code    20  stm32f4xx_tim.o(.text)
    TIM_ClearOC1Ref                          0x08007865   Thumb Code    12  stm32f4xx_tim.o(.text)
    TIM_ClearOC2Ref                          0x08007871   Thumb Code    20  stm32f4xx_tim.o(.text)
    TIM_ClearOC3Ref                          0x08007885   Thumb Code    12  stm32f4xx_tim.o(.text)
    TIM_ClearOC4Ref                          0x08007891   Thumb Code    20  stm32f4xx_tim.o(.text)
    TIM_OC1PolarityConfig                    0x080078a5   Thumb Code    12  stm32f4xx_tim.o(.text)
    TIM_OC1NPolarityConfig                   0x080078b1   Thumb Code    12  stm32f4xx_tim.o(.text)
    TIM_OC2PolarityConfig                    0x080078bd   Thumb Code    20  stm32f4xx_tim.o(.text)
    TIM_OC2NPolarityConfig                   0x080078d1   Thumb Code    20  stm32f4xx_tim.o(.text)
    TIM_OC3PolarityConfig                    0x080078e5   Thumb Code    20  stm32f4xx_tim.o(.text)
    TIM_OC3NPolarityConfig                   0x080078f9   Thumb Code    20  stm32f4xx_tim.o(.text)
    TIM_OC4PolarityConfig                    0x0800790d   Thumb Code    20  stm32f4xx_tim.o(.text)
    TIM_CCxCmd                               0x08007921   Thumb Code    22  stm32f4xx_tim.o(.text)
    TIM_CCxNCmd                              0x08007937   Thumb Code    22  stm32f4xx_tim.o(.text)
    TIM_SetIC4Prescaler                      0x0800794d   Thumb Code    24  stm32f4xx_tim.o(.text)
    TIM_SetIC3Prescaler                      0x0800799b   Thumb Code    16  stm32f4xx_tim.o(.text)
    TIM_SetIC2Prescaler                      0x080079dd   Thumb Code    24  stm32f4xx_tim.o(.text)
    TIM_SetIC1Prescaler                      0x08007a2b   Thumb Code    16  stm32f4xx_tim.o(.text)
    TIM_ICInit                               0x08007a69   Thumb Code    90  stm32f4xx_tim.o(.text)
    TIM_ICStructInit                         0x08007ac3   Thumb Code    16  stm32f4xx_tim.o(.text)
    TIM_PWMIConfig                           0x08007ad3   Thumb Code   116  stm32f4xx_tim.o(.text)
    TIM_GetCapture1                          0x08007b47   Thumb Code     4  stm32f4xx_tim.o(.text)
    TIM_GetCapture2                          0x08007b4b   Thumb Code     4  stm32f4xx_tim.o(.text)
    TIM_GetCapture3                          0x08007b4f   Thumb Code     4  stm32f4xx_tim.o(.text)
    TIM_GetCapture4                          0x08007b53   Thumb Code     4  stm32f4xx_tim.o(.text)
    TIM_BDTRConfig                           0x08007b57   Thumb Code    34  stm32f4xx_tim.o(.text)
    TIM_BDTRStructInit                       0x08007b79   Thumb Code    18  stm32f4xx_tim.o(.text)
    TIM_CtrlPWMOutputs                       0x08007b8b   Thumb Code    28  stm32f4xx_tim.o(.text)
    TIM_SelectCOM                            0x08007ba7   Thumb Code    24  stm32f4xx_tim.o(.text)
    TIM_CCPreloadControl                     0x08007bbf   Thumb Code    24  stm32f4xx_tim.o(.text)
    TIM_ITConfig                             0x08007bd7   Thumb Code    20  stm32f4xx_tim.o(.text)
    TIM_GenerateEvent                        0x08007beb   Thumb Code     4  stm32f4xx_tim.o(.text)
    TIM_GetFlagStatus                        0x08007bef   Thumb Code    14  stm32f4xx_tim.o(.text)
    TIM_ClearFlag                            0x08007bfd   Thumb Code     6  stm32f4xx_tim.o(.text)
    TIM_GetITStatus                          0x08007c03   Thumb Code    24  stm32f4xx_tim.o(.text)
    TIM_ClearITPendingBit                    0x08007c1b   Thumb Code     6  stm32f4xx_tim.o(.text)
    TIM_DMAConfig                            0x08007c21   Thumb Code     8  stm32f4xx_tim.o(.text)
    TIM_DMACmd                               0x08007c29   Thumb Code    20  stm32f4xx_tim.o(.text)
    TIM_SelectCCDMA                          0x08007c3d   Thumb Code    24  stm32f4xx_tim.o(.text)
    TIM_InternalClockConfig                  0x08007c55   Thumb Code    10  stm32f4xx_tim.o(.text)
    TIM_SelectInputTrigger                   0x08007c5f   Thumb Code    12  stm32f4xx_tim.o(.text)
    TIM_ITRxExternalClockConfig              0x08007c6b   Thumb Code    20  stm32f4xx_tim.o(.text)
    TIM_TIxExternalClockConfig               0x08007c7f   Thumb Code    48  stm32f4xx_tim.o(.text)
    TIM_ETRConfig                            0x08007caf   Thumb Code    24  stm32f4xx_tim.o(.text)
    TIM_ETRClockMode1Config                  0x08007cc7   Thumb Code    32  stm32f4xx_tim.o(.text)
    TIM_ETRClockMode2Config                  0x08007ce7   Thumb Code    20  stm32f4xx_tim.o(.text)
    TIM_SelectOutputTrigger                  0x08007cfb   Thumb Code    16  stm32f4xx_tim.o(.text)
    TIM_SelectSlaveMode                      0x08007d0b   Thumb Code    16  stm32f4xx_tim.o(.text)
    TIM_SelectMasterSlaveMode                0x08007d1b   Thumb Code    16  stm32f4xx_tim.o(.text)
    TIM_EncoderInterfaceConfig               0x08007d2b   Thumb Code    50  stm32f4xx_tim.o(.text)
    TIM_SelectHallSensor                     0x08007d5d   Thumb Code    24  stm32f4xx_tim.o(.text)
    TIM_RemapConfig                          0x08007d75   Thumb Code     6  stm32f4xx_tim.o(.text)
    SPI_I2S_DeInit                           0x08007d7d   Thumb Code   172  stm32f4xx_spi.o(.text)
    SPI_Init                                 0x08007e29   Thumb Code    56  stm32f4xx_spi.o(.text)
    I2S_Init                                 0x08007e61   Thumb Code   226  stm32f4xx_spi.o(.text)
    SPI_StructInit                           0x08007f43   Thumb Code    24  stm32f4xx_spi.o(.text)
    I2S_StructInit                           0x08007f5b   Thumb Code    18  stm32f4xx_spi.o(.text)
    SPI_Cmd                                  0x08007f6d   Thumb Code    24  stm32f4xx_spi.o(.text)
    I2S_Cmd                                  0x08007f85   Thumb Code    24  stm32f4xx_spi.o(.text)
    SPI_DataSizeConfig                       0x08007f9d   Thumb Code    16  stm32f4xx_spi.o(.text)
    SPI_BiDirectionalLineConfig              0x08007fad   Thumb Code    26  stm32f4xx_spi.o(.text)
    SPI_NSSInternalSoftwareConfig            0x08007fc7   Thumb Code    28  stm32f4xx_spi.o(.text)
    SPI_SSOutputCmd                          0x08007fe3   Thumb Code    24  stm32f4xx_spi.o(.text)
    SPI_TIModeCmd                            0x08007ffb   Thumb Code    24  stm32f4xx_spi.o(.text)
    I2S_FullDuplexConfig                     0x08008013   Thumb Code    58  stm32f4xx_spi.o(.text)
    SPI_I2S_ReceiveData                      0x0800804d   Thumb Code     4  stm32f4xx_spi.o(.text)
    SPI_I2S_SendData                         0x08008051   Thumb Code     4  stm32f4xx_spi.o(.text)
    SPI_CalculateCRC                         0x08008055   Thumb Code    24  stm32f4xx_spi.o(.text)
    SPI_TransmitCRC                          0x0800806d   Thumb Code    10  stm32f4xx_spi.o(.text)
    SPI_GetCRC                               0x08008077   Thumb Code    12  stm32f4xx_spi.o(.text)
    SPI_GetCRCPolynomial                     0x08008083   Thumb Code     4  stm32f4xx_spi.o(.text)
    SPI_I2S_DMACmd                           0x08008087   Thumb Code    20  stm32f4xx_spi.o(.text)
    SPI_I2S_ITConfig                         0x0800809b   Thumb Code    28  stm32f4xx_spi.o(.text)
    SPI_I2S_GetFlagStatus                    0x080080b7   Thumb Code    14  stm32f4xx_spi.o(.text)
    SPI_I2S_ClearFlag                        0x080080c5   Thumb Code     6  stm32f4xx_spi.o(.text)
    SPI_I2S_GetITStatus                      0x080080cb   Thumb Code    44  stm32f4xx_spi.o(.text)
    SPI_I2S_ClearITPendingBit                0x080080f7   Thumb Code    14  stm32f4xx_spi.o(.text)
    RTC_WaitForSynchro                       0x08008129   Thumb Code    72  stm32f4xx_rtc.o(.text)
    RTC_EnterInitMode                        0x08008171   Thumb Code    64  stm32f4xx_rtc.o(.text)
    RTC_DeInit                               0x080081b1   Thumb Code   174  stm32f4xx_rtc.o(.text)
    RTC_ExitInitMode                         0x0800825f   Thumb Code    14  stm32f4xx_rtc.o(.text)
    RTC_Init                                 0x0800826d   Thumb Code    74  stm32f4xx_rtc.o(.text)
    RTC_StructInit                           0x080082b7   Thumb Code    14  stm32f4xx_rtc.o(.text)
    RTC_WriteProtectionCmd                   0x080082c5   Thumb Code    22  stm32f4xx_rtc.o(.text)
    RTC_RefClockCmd                          0x080082db   Thumb Code    60  stm32f4xx_rtc.o(.text)
    RTC_BypassShadowCmd                      0x08008317   Thumb Code    42  stm32f4xx_rtc.o(.text)
    RTC_SetTime                              0x0800836b   Thumb Code   160  stm32f4xx_rtc.o(.text)
    RTC_TimeStructInit                       0x0800840b   Thumb Code    12  stm32f4xx_rtc.o(.text)
    RTC_GetTime                              0x08008417   Thumb Code    70  stm32f4xx_rtc.o(.text)
    RTC_GetSubSecond                         0x0800845d   Thumb Code    14  stm32f4xx_rtc.o(.text)
    RTC_SetDate                              0x0800846b   Thumb Code   156  stm32f4xx_rtc.o(.text)
    RTC_DateStructInit                       0x08008507   Thumb Code    30  stm32f4xx_rtc.o(.text)
    RTC_GetDate                              0x08008525   Thumb Code    64  stm32f4xx_rtc.o(.text)
    RTC_SetAlarm                             0x08008565   Thumb Code   186  stm32f4xx_rtc.o(.text)
    RTC_AlarmStructInit                      0x0800861f   Thumb Code    20  stm32f4xx_rtc.o(.text)
    RTC_GetAlarm                             0x08008633   Thumb Code   106  stm32f4xx_rtc.o(.text)
    RTC_AlarmCmd                             0x0800869d   Thumb Code    90  stm32f4xx_rtc.o(.text)
    RTC_AlarmSubSecondConfig                 0x080086f7   Thumb Code    42  stm32f4xx_rtc.o(.text)
    RTC_GetAlarmSubSecond                    0x08008721   Thumb Code    30  stm32f4xx_rtc.o(.text)
    RTC_WakeUpClockConfig                    0x0800873f   Thumb Code    36  stm32f4xx_rtc.o(.text)
    RTC_SetWakeUpCounter                     0x08008763   Thumb Code    24  stm32f4xx_rtc.o(.text)
    RTC_GetWakeUpCounter                     0x0800877b   Thumb Code    10  stm32f4xx_rtc.o(.text)
    RTC_WakeUpCmd                            0x08008785   Thumb Code    92  stm32f4xx_rtc.o(.text)
    RTC_DayLightSavingConfig                 0x080087e1   Thumb Code    40  stm32f4xx_rtc.o(.text)
    RTC_GetStoreOperation                    0x08008809   Thumb Code    12  stm32f4xx_rtc.o(.text)
    RTC_OutputConfig                         0x08008815   Thumb Code    40  stm32f4xx_rtc.o(.text)
    RTC_CoarseCalibConfig                    0x0800883d   Thumb Code    48  stm32f4xx_rtc.o(.text)
    RTC_CoarseCalibCmd                       0x0800886d   Thumb Code    62  stm32f4xx_rtc.o(.text)
    RTC_CalibOutputCmd                       0x080088ab   Thumb Code    44  stm32f4xx_rtc.o(.text)
    RTC_CalibOutputConfig                    0x080088d7   Thumb Code    36  stm32f4xx_rtc.o(.text)
    RTC_SmoothCalibConfig                    0x080088fb   Thumb Code    80  stm32f4xx_rtc.o(.text)
    RTC_TimeStampCmd                         0x0800894b   Thumb Code    48  stm32f4xx_rtc.o(.text)
    RTC_GetTimeStamp                         0x0800897b   Thumb Code   130  stm32f4xx_rtc.o(.text)
    RTC_GetTimeStampSubSecond                0x080089fd   Thumb Code     8  stm32f4xx_rtc.o(.text)
    RTC_TamperTriggerConfig                  0x08008a05   Thumb Code    28  stm32f4xx_rtc.o(.text)
    RTC_TamperCmd                            0x08008a21   Thumb Code    24  stm32f4xx_rtc.o(.text)
    RTC_TamperFilterConfig                   0x08008a39   Thumb Code    20  stm32f4xx_rtc.o(.text)
    RTC_TamperSamplingFreqConfig             0x08008a4d   Thumb Code    20  stm32f4xx_rtc.o(.text)
    RTC_TamperPinsPrechargeDuration          0x08008a61   Thumb Code    20  stm32f4xx_rtc.o(.text)
    RTC_TimeStampOnTamperDetectionCmd        0x08008a75   Thumb Code    28  stm32f4xx_rtc.o(.text)
    RTC_TamperPullUpCmd                      0x08008a91   Thumb Code    28  stm32f4xx_rtc.o(.text)
    RTC_WriteBackupRegister                  0x08008aad   Thumb Code    18  stm32f4xx_rtc.o(.text)
    RTC_ReadBackupRegister                   0x08008abf   Thumb Code    18  stm32f4xx_rtc.o(.text)
    RTC_TamperPinSelection                   0x08008ad1   Thumb Code    20  stm32f4xx_rtc.o(.text)
    RTC_TimeStampPinSelection                0x08008ae5   Thumb Code    20  stm32f4xx_rtc.o(.text)
    RTC_OutputTypeConfig                     0x08008af9   Thumb Code    20  stm32f4xx_rtc.o(.text)
    RTC_SynchroShiftConfig                   0x08008b0d   Thumb Code    92  stm32f4xx_rtc.o(.text)
    RTC_ITConfig                             0x08008b69   Thumb Code    66  stm32f4xx_rtc.o(.text)
    RTC_GetFlagStatus                        0x08008bab   Thumb Code    22  stm32f4xx_rtc.o(.text)
    RTC_ClearFlag                            0x08008bc1   Thumb Code    24  stm32f4xx_rtc.o(.text)
    RTC_GetITStatus                          0x08008bd9   Thumb Code    52  stm32f4xx_rtc.o(.text)
    RTC_ClearITPendingBit                    0x08008c0d   Thumb Code    26  stm32f4xx_rtc.o(.text)
    EXTI_DeInit                              0x08008c35   Thumb Code    28  stm32f4xx_exti.o(.text)
    EXTI_Init                                0x08008c51   Thumb Code   110  stm32f4xx_exti.o(.text)
    EXTI_StructInit                          0x08008cbf   Thumb Code    14  stm32f4xx_exti.o(.text)
    EXTI_GenerateSWInterrupt                 0x08008ccd   Thumb Code    12  stm32f4xx_exti.o(.text)
    EXTI_GetFlagStatus                       0x08008cd9   Thumb Code    18  stm32f4xx_exti.o(.text)
    EXTI_ClearFlag                           0x08008ceb   Thumb Code     8  stm32f4xx_exti.o(.text)
    EXTI_GetITStatus                         0x08008cf3   Thumb Code    18  stm32f4xx_exti.o(.text)
    EXTI_ClearITPendingBit                   0x08008d05   Thumb Code     8  stm32f4xx_exti.o(.text)
    PWR_DeInit                               0x08008d15   Thumb Code    24  stm32f4xx_pwr.o(.text)
    PWR_BackupAccessCmd                      0x08008d2d   Thumb Code     6  stm32f4xx_pwr.o(.text)
    PWR_PVDLevelConfig                       0x08008d33   Thumb Code    14  stm32f4xx_pwr.o(.text)
    PWR_PVDCmd                               0x08008d41   Thumb Code     6  stm32f4xx_pwr.o(.text)
    PWR_WakeUpPinCmd                         0x08008d47   Thumb Code     8  stm32f4xx_pwr.o(.text)
    PWR_BackupRegulatorCmd                   0x08008d4f   Thumb Code     8  stm32f4xx_pwr.o(.text)
    PWR_MainRegulatorModeConfig              0x08008d57   Thumb Code    14  stm32f4xx_pwr.o(.text)
    PWR_OverDriveCmd                         0x08008d65   Thumb Code     6  stm32f4xx_pwr.o(.text)
    PWR_OverDriveSWCmd                       0x08008d6b   Thumb Code     6  stm32f4xx_pwr.o(.text)
    PWR_UnderDriveCmd                        0x08008d71   Thumb Code    26  stm32f4xx_pwr.o(.text)
    PWR_MainRegulatorLowVoltageCmd           0x08008d8b   Thumb Code    18  stm32f4xx_pwr.o(.text)
    PWR_LowRegulatorLowVoltageCmd            0x08008d9d   Thumb Code    18  stm32f4xx_pwr.o(.text)
    PWR_FlashPowerDownCmd                    0x08008daf   Thumb Code     6  stm32f4xx_pwr.o(.text)
    PWR_EnterSTOPMode                        0x08008db5   Thumb Code    46  stm32f4xx_pwr.o(.text)
    PWR_EnterUnderDriveSTOPMode              0x08008de3   Thumb Code    46  stm32f4xx_pwr.o(.text)
    PWR_EnterSTANDBYMode                     0x08008e11   Thumb Code    24  stm32f4xx_pwr.o(.text)
    PWR_GetFlagStatus                        0x08008e29   Thumb Code    16  stm32f4xx_pwr.o(.text)
    PWR_ClearFlag                            0x08008e39   Thumb Code    12  stm32f4xx_pwr.o(.text)
    IWDG_WriteAccessCmd                      0x08008e51   Thumb Code     6  stm32f4xx_iwdg.o(.text)
    IWDG_SetPrescaler                        0x08008e57   Thumb Code     6  stm32f4xx_iwdg.o(.text)
    IWDG_SetReload                           0x08008e5d   Thumb Code     6  stm32f4xx_iwdg.o(.text)
    IWDG_ReloadCounter                       0x08008e63   Thumb Code    10  stm32f4xx_iwdg.o(.text)
    IWDG_Enable                              0x08008e6d   Thumb Code    10  stm32f4xx_iwdg.o(.text)
    IWDG_GetFlagStatus                       0x08008e77   Thumb Code    16  stm32f4xx_iwdg.o(.text)
    fupd_prog                                0x08008e8d   Thumb Code   122  fontupd.o(.text)
    updata_fontx                             0x08008f07   Thumb Code     2  fontupd.o(.text)
    update_font                              0x08008f09   Thumb Code     2  fontupd.o(.text)
    font_init                                0x08008f0b   Thumb Code     4  fontupd.o(.text)
    Get_HzMat                                0x08008f1d   Thumb Code   150  text.o(.text)
    Show_Font                                0x08008fb3   Thumb Code   166  text.o(.text)
    Show_Str                                 0x08009059   Thumb Code   170  text.o(.text)
    Show_Str_Mid                             0x08009103   Thumb Code    86  text.o(.text)
    ReadRawRC                                0x08009169   Thumb Code    34  rc522.o(.text)
    WriteRawRC                               0x0800918b   Thumb Code    40  rc522.o(.text)
    ClearBitMask                             0x080091b3   Thumb Code    24  rc522.o(.text)
    SetBitMask                               0x080091cb   Thumb Code    24  rc522.o(.text)
    AntennaOn                                0x080091e3   Thumb Code    38  rc522.o(.text)
    MFRC522_Reset                            0x08009209   Thumb Code   152  rc522.o(.text)
    MFRC522_Initializtion                    0x080092a1   Thumb Code   128  rc522.o(.text)
    PcdComMF522                              0x08009321   Thumb Code   280  rc522.o(.text)
    CalulateCRC                              0x08009439   Thumb Code   100  rc522.o(.text)
    PcdHalt                                  0x0800949d   Thumb Code    50  rc522.o(.text)
    ReadID                                   0x080094cf   Thumb Code   114  rc522.o(.text)
    PcdRequest                               0x08009541   Thumb Code    96  rc522.o(.text)
    PcdRead                                  0x080095a1   Thumb Code    74  rc522.o(.text)
    PcdWrite                                 0x080095eb   Thumb Code   136  rc522.o(.text)
    PcdAuthState                             0x08009673   Thumb Code    82  rc522.o(.text)
    PcdSelect                                0x080096c5   Thumb Code   100  rc522.o(.text)
    PcdAnticoll                              0x08009729   Thumb Code   106  rc522.o(.text)
    __aeabi_memset                           0x08009793   Thumb Code    14  memseta.o(.text)
    __aeabi_memset4                          0x08009793   Thumb Code     0  memseta.o(.text)
    __aeabi_memset8                          0x08009793   Thumb Code     0  memseta.o(.text)
    __aeabi_memclr                           0x080097a1   Thumb Code     4  memseta.o(.text)
    __aeabi_memclr4                          0x080097a1   Thumb Code     0  memseta.o(.text)
    __aeabi_memclr8                          0x080097a1   Thumb Code     0  memseta.o(.text)
    _memset$wrapper                          0x080097a5   Thumb Code    18  memseta.o(.text)
    strlen                                   0x080097b7   Thumb Code    14  strlen.o(.text)
    __aeabi_dmul                             0x080097c5   Thumb Code   228  dmul.o(.text)
    __aeabi_ui2d                             0x080098a9   Thumb Code    26  dfltui.o(.text)
    __aeabi_d2uiz                            0x080098c3   Thumb Code    50  dfixui.o(.text)
    __aeabi_uldivmod                         0x080098f5   Thumb Code    98  uldiv.o(.text)
    __aeabi_llsr                             0x08009957   Thumb Code    32  llushr.o(.text)
    _ll_ushift_r                             0x08009957   Thumb Code     0  llushr.o(.text)
    __I$use$fp                               0x08009977   Thumb Code     0  iusefp.o(.text)
    _double_round                            0x08009977   Thumb Code    30  depilogue.o(.text)
    _double_epilogue                         0x08009995   Thumb Code   156  depilogue.o(.text)
    __scatterload                            0x08009a31   Thumb Code    28  init.o(.text)
    __scatterload_rt2                        0x08009a31   Thumb Code     0  init.o(.text)
    __aeabi_llsl                             0x08009a55   Thumb Code    30  llshl.o(.text)
    _ll_shift_l                              0x08009a55   Thumb Code     0  llshl.o(.text)
    __0printf$5                              0x08009a75   Thumb Code    22  printf5.o(i.__0printf$5)
    __1printf$5                              0x08009a75   Thumb Code     0  printf5.o(i.__0printf$5)
    __2printf                                0x08009a75   Thumb Code     0  printf5.o(i.__0printf$5)
    __0sprintf$5                             0x08009a95   Thumb Code    34  printf5.o(i.__0sprintf$5)
    __1sprintf$5                             0x08009a95   Thumb Code     0  printf5.o(i.__0sprintf$5)
    __2sprintf                               0x08009a95   Thumb Code     0  printf5.o(i.__0sprintf$5)
    __scatterload_copy                       0x08009abd   Thumb Code    14  handlers.o(i.__scatterload_copy)
    __scatterload_null                       0x08009acb   Thumb Code     2  handlers.o(i.__scatterload_null)
    __scatterload_zeroinit                   0x08009acd   Thumb Code    14  handlers.o(i.__scatterload_zeroinit)
    free                                     0x08009da9   Thumb Code    76  malloc.o(i.free)
    malloc                                   0x08009df9   Thumb Code    92  malloc.o(i.malloc)
    asc2_1206                                0x08009e64   Data        1140  lcd.o(.constdata)
    asc2_1608                                0x0800a2d8   Data        1520  lcd.o(.constdata)
    asc2_2412                                0x0800a8c8   Data        3420  lcd.o(.constdata)
    FSMC_DefaultTimingStruct                 0x0800b624   Data          28  stm32f4xx_fsmc.o(.constdata)
    Region$$Table$$Base                      0x0800b640   Number         0  anon$$obj.o(Region$$Table)
    Region$$Table$$Limit                     0x0800b660   Number         0  anon$$obj.o(Region$$Table)
    current_x                                0x20000000   Data           1  main.o(.data)
    key_func                                 0x20000001   Data           1  main.o(.data)
    RFID_flag                                0x20000002   Data           1  main.o(.data)
    t                                        0x20000003   Data           1  main.o(.data)
    f                                        0x20000004   Data           1  main.o(.data)
    Str_temp                                 0x20000008   Data           4  main.o(.data)
    start_dice_massage                       0x2000000c   Data           6  main.o(.data)
    stop_dice_massage                        0x20000012   Data           6  main.o(.data)
    dice_Point_massage                       0x20000018   Data           7  main.o(.data)
    Point_massage                            0x2000001f   Data           7  main.o(.data)
    heartbeat_massage                        0x20000026   Data           6  main.o(.data)
    SystemCoreClock                          0x2000002c   Data           4  system_stm32f4xx.o(.data)
    AHBPrescTable                            0x20000030   Data          16  system_stm32f4xx.o(.data)
    POINT_COLOR                              0x20000040   Data           2  lcd.o(.data)
    BACK_COLOR                               0x20000042   Data           2  lcd.o(.data)
    NVIC_InitStructure                       0x20000045   Data           4  rtc.o(.data)
    timer                                    0x2000004a   Data           2  timer.o(.data)
    s_timer                                  0x2000004c   Data           2  timer.o(.data)
    heartbeat                                0x2000004e   Data           2  timer.o(.data)
    Send_instruction_flag                    0x20000050   Data           1  timer.o(.data)
    SN                                       0x20000051   Data           4  rfid.o(.data)
    KEY_A                                    0x20000055   Data           6  rfid.o(.data)
    ID_massage                               0x2000005b   Data          18  massage.o(.data)
    is_rcr_finish                            0x20000070   Data           1  driver.o(.data)
    motor_dir                                0x20000071   Data           1  driver.o(.data)
    rcr_remainder                            0x20000072   Data           1  driver.o(.data)
    target_pos                               0x20000074   Data           4  driver.o(.data)
    current_pos                              0x20000078   Data           4  driver.o(.data)
    rcr_integer                              0x2000007c   Data           4  driver.o(.data)
    JS_FLAG                                  0x20000084   Data           1  usart.o(.data)
    he                                       0x20000085   Data           1  usart.o(.data)
    __stdout                                 0x20000088   Data           4  usart.o(.data)
    __microlib_freelist                      0x2000009c   Data           4  mvars.o(.data)
    __microlib_freelist_initialised          0x200000a0   Data           4  mvars.o(.data)
    lcddev                                   0x200000a4   Data          14  lcd.o(.bss)
    W25QXX_BUFFER                            0x200000b2   Data        4096  w25qxx.o(.bss)
    read_rfid_my                             0x200010b2   Data          16  rfid.o(.bss)
    Send_instruction                         0x200010c2   Data          18  massage.o(.bss)
    temp                                     0x200010d4   Data          12  id.o(.bss)
    USART2_RX_BUF                            0x200010e0   Data         100  usart.o(.bss)
    USART2_RX                                0x20001144   Data         100  usart.o(.bss)
    ftinfo                                   0x200011a8   Data          33  fontupd.o(.bss)
    __heap_base                              0x200011d0   Data           0  startup_stm32f40_41xxx.o(HEAP)
    __heap_limit                             0x200013d0   Data           0  startup_stm32f40_41xxx.o(HEAP)
    __initial_sp                             0x200017d0   Data           0  startup_stm32f40_41xxx.o(STACK)



==============================================================================

Memory Map of the image

  Image Entry point : 0x08000189

  Load Region LR_IROM1 (Base: 0x08000000, Size: 0x0000b704, Max: 0x00100000, ABSOLUTE)

    Execution Region ER_IROM1 (Base: 0x08000000, Size: 0x0000b660, Max: 0x00100000, ABSOLUTE)

    Base Addr    Size         Type   Attr      Idx    E Section Name        Object

    0x08000000   0x00000188   Data   RO          712    RESET               startup_stm32f40_41xxx.o
    0x08000188   0x00000000   Code   RO         1077  * .ARM.Collect$$$$00000000  mc_w.l(entry.o)
    0x08000188   0x00000004   Code   RO         1379    .ARM.Collect$$$$00000001  mc_w.l(entry2.o)
    0x0800018c   0x00000004   Code   RO         1382    .ARM.Collect$$$$00000004  mc_w.l(entry5.o)
    0x08000190   0x00000000   Code   RO         1384    .ARM.Collect$$$$00000008  mc_w.l(entry7b.o)
    0x08000190   0x00000000   Code   RO         1386    .ARM.Collect$$$$0000000A  mc_w.l(entry8b.o)
    0x08000190   0x00000008   Code   RO         1387    .ARM.Collect$$$$0000000B  mc_w.l(entry9a.o)
    0x08000198   0x00000000   Code   RO         1389    .ARM.Collect$$$$0000000D  mc_w.l(entry10a.o)
    0x08000198   0x00000000   Code   RO         1391    .ARM.Collect$$$$0000000F  mc_w.l(entry11a.o)
    0x08000198   0x00000004   Code   RO         1380    .ARM.Collect$$$$00002712  mc_w.l(entry2.o)
    0x0800019c   0x00000418   Code   RO            3    .text               main.o
    0x080005b4   0x00000012   Code   RO          208    .text               stm32f4xx_it.o
    0x080005c6   0x00000002   PAD
    0x080005c8   0x00000190   Code   RO          257    .text               system_stm32f4xx.o
    0x08000758   0x00000040   Code   RO          283    .text               led.o
    0x08000798   0x0000471c   Code   RO          303    .text               lcd.o
    0x08004eb4   0x00000104   Code   RO          341    .text               key.o
    0x08004fb8   0x00000264   Code   RO          362    .text               spi.o
    0x0800521c   0x000002c8   Code   RO          382    .text               w25qxx.o
    0x080054e4   0x00000230   Code   RO          413    .text               rtc.o
    0x08005714   0x00000274   Code   RO          439    .text               timer.o
    0x08005988   0x000000dc   Code   RO          477    .text               rfid.o
    0x08005a64   0x0000003c   Code   RO          510    .text               sz.o
    0x08005aa0   0x000000c8   Code   RO          533    .text               massage.o
    0x08005b68   0x00000044   Code   RO          557    .text               id.o
    0x08005bac   0x0000002a   Code   RO          583    .text               iwdg.o
    0x08005bd6   0x00000002   PAD
    0x08005bd8   0x000002c8   Code   RO          603    .text               driver.o
    0x08005ea0   0x000000b8   Code   RO          629    .text               delay.o
    0x08005f58   0x000002c8   Code   RO          669    .text               usart.o
    0x08006220   0x00000024   Code   RO          713    .text               startup_stm32f40_41xxx.o
    0x08006244   0x000000bc   Code   RO          719    .text               misc.o
    0x08006300   0x00000264   Code   RO          739    .text               stm32f4xx_gpio.o
    0x08006564   0x00000480   Code   RO          759    .text               stm32f4xx_fsmc.o
    0x080069e4   0x000004e0   Code   RO          782    .text               stm32f4xx_rcc.o
    0x08006ec4   0x000003f4   Code   RO          804    .text               stm32f4xx_usart.o
    0x080072b8   0x00000ac2   Code   RO          824    .text               stm32f4xx_tim.o
    0x08007d7a   0x00000002   PAD
    0x08007d7c   0x000003ac   Code   RO          864    .text               stm32f4xx_spi.o
    0x08008128   0x00000b0c   Code   RO          904    .text               stm32f4xx_rtc.o
    0x08008c34   0x000000e0   Code   RO          924    .text               stm32f4xx_exti.o
    0x08008d14   0x0000013c   Code   RO          944    .text               stm32f4xx_pwr.o
    0x08008e50   0x0000003c   Code   RO          964    .text               stm32f4xx_iwdg.o
    0x08008e8c   0x00000090   Code   RO          984    .text               fontupd.o
    0x08008f1c   0x0000024c   Code   RO         1036    .text               text.o
    0x08009168   0x0000062a   Code   RO         1056    .text               rc522.o
    0x08009792   0x00000024   Code   RO         1080    .text               mc_w.l(memseta.o)
    0x080097b6   0x0000000e   Code   RO         1082    .text               mc_w.l(strlen.o)
    0x080097c4   0x000000e4   Code   RO         1373    .text               mf_w.l(dmul.o)
    0x080098a8   0x0000001a   Code   RO         1375    .text               mf_w.l(dfltui.o)
    0x080098c2   0x00000032   Code   RO         1377    .text               mf_w.l(dfixui.o)
    0x080098f4   0x00000062   Code   RO         1395    .text               mc_w.l(uldiv.o)
    0x08009956   0x00000020   Code   RO         1397    .text               mc_w.l(llushr.o)
    0x08009976   0x00000000   Code   RO         1405    .text               mc_w.l(iusefp.o)
    0x08009976   0x000000ba   Code   RO         1406    .text               mf_w.l(depilogue.o)
    0x08009a30   0x00000024   Code   RO         1416    .text               mc_w.l(init.o)
    0x08009a54   0x0000001e   Code   RO         1418    .text               mc_w.l(llshl.o)
    0x08009a72   0x00000002   PAD
    0x08009a74   0x00000020   Code   RO         1217    i.__0printf$5       mc_w.l(printf5.o)
    0x08009a94   0x00000028   Code   RO         1219    i.__0sprintf$5      mc_w.l(printf5.o)
    0x08009abc   0x0000000e   Code   RO         1424    i.__scatterload_copy  mc_w.l(handlers.o)
    0x08009aca   0x00000002   Code   RO         1425    i.__scatterload_null  mc_w.l(handlers.o)
    0x08009acc   0x0000000e   Code   RO         1426    i.__scatterload_zeroinit  mc_w.l(handlers.o)
    0x08009ada   0x00000002   PAD
    0x08009adc   0x000002c0   Code   RO         1224    i._printf_core      mc_w.l(printf5.o)
    0x08009d9c   0x0000000a   Code   RO         1226    i._sputc            mc_w.l(printf5.o)
    0x08009da6   0x00000002   PAD
    0x08009da8   0x00000050   Code   RO         1345    i.free              mc_w.l(malloc.o)
    0x08009df8   0x0000006c   Code   RO         1346    i.malloc            mc_w.l(malloc.o)
    0x08009e64   0x000017c0   Data   RO          305    .constdata          lcd.o
    0x0800b624   0x0000001c   Data   RO          760    .constdata          stm32f4xx_fsmc.o
    0x0800b640   0x00000020   Data   RO         1422    Region$$Table       anon$$obj.o


    Execution Region RW_IRAM1 (Base: 0x20000000, Size: 0x000017d0, Max: 0x00020000, ABSOLUTE)

    Base Addr    Size         Type   Attr      Idx    E Section Name        Object

    0x20000000   0x00000026   Data   RW            4    .data               main.o
    0x20000026   0x00000006   Data   RW            7    .data               main.o
    0x2000002c   0x00000014   Data   RW          258    .data               system_stm32f4xx.o
    0x20000040   0x00000004   Data   RW          306    .data               lcd.o
    0x20000044   0x00000001   Data   RW          342    .data               key.o
    0x20000045   0x00000004   Data   RW          414    .data               rtc.o
    0x20000049   0x00000001   PAD
    0x2000004a   0x00000006   Data   RW          440    .data               timer.o
    0x20000050   0x00000001   Data   RW          441    .data               timer.o
    0x20000051   0x0000000a   Data   RW          480    .data               rfid.o
    0x2000005b   0x00000012   Data   RW          535    .data               massage.o
    0x2000006d   0x00000003   PAD
    0x20000070   0x00000010   Data   RW          604    .data               driver.o
    0x20000080   0x00000004   Data   RW          630    .data               delay.o
    0x20000084   0x00000002   Data   RW          672    .data               usart.o
    0x20000086   0x00000002   PAD
    0x20000088   0x00000004   Data   RW          675    .data               usart.o
    0x2000008c   0x00000010   Data   RW          783    .data               stm32f4xx_rcc.o
    0x2000009c   0x00000004   Data   RW         1403    .data               mc_w.l(mvars.o)
    0x200000a0   0x00000004   Data   RW         1404    .data               mc_w.l(mvars.o)
    0x200000a4   0x0000000e   Zero   RW          304    .bss                lcd.o
    0x200000b2   0x00001000   Zero   RW          383    .bss                w25qxx.o
    0x200010b2   0x00000010   Zero   RW          478    .bss                rfid.o
    0x200010c2   0x00000012   Zero   RW          534    .bss                massage.o
    0x200010d4   0x0000000c   Zero   RW          558    .bss                id.o
    0x200010e0   0x000000c8   Zero   RW          670    .bss                usart.o
    0x200011a8   0x00000021   Zero   RW          985    .bss                fontupd.o
    0x200011c9   0x00000007   PAD
    0x200011d0   0x00000200   Zero   RW          711    HEAP                startup_stm32f40_41xxx.o
    0x200013d0   0x00000400   Zero   RW          710    STACK               startup_stm32f40_41xxx.o


==============================================================================

Image component sizes


      Code (inc. data)   RO Data    RW Data    ZI Data      Debug   Object Name

       184          4          0          4          0       1553   delay.o
       712         30          0         16          0       3151   driver.o
       144         14          0          0         33       3216   fontupd.o
        68          8          0          0         12       1116   id.o
        42          0          0          0          0        714   iwdg.o
       260         12          0          1          0        960   key.o
     18204        118       6080          4         14      23634   lcd.o
        64          6          0          0          0        551   led.o
      1048         48          0         44          0     317782   main.o
       200         30          0         18         18       1714   massage.o
       188         14          0          0          0       2057   misc.o
      1578         12          0          0          0       7011   rc522.o
       220         12          0         10         16       2393   rfid.o
       560         22          0          4          0       2836   rtc.o
       612         24          0          0          0       1756   spi.o
        36          8        392          0       1536        852   startup_stm32f40_41xxx.o
       224          8          0          0          0       2487   stm32f4xx_exti.o
      1152         12         28          0          0       6322   stm32f4xx_fsmc.o
       612         44          0          0          0       4813   stm32f4xx_gpio.o
        18          0          0          0          0       1230   stm32f4xx_it.o
        60          6          0          0          0       1393   stm32f4xx_iwdg.o
       316         12          0          0          0       3911   stm32f4xx_pwr.o
      1248         52          0         16          0      13800   stm32f4xx_rcc.o
      2828         40          0          0          0      16372   stm32f4xx_rtc.o
       940         36          0          0          0       7781   stm32f4xx_spi.o
      2754         60          0          0          0      25016   stm32f4xx_tim.o
      1012         32          0          0          0       8848   stm32f4xx_usart.o
       400         36          0         20          0       1955   system_stm32f4xx.o
        60          4          0          0          0        546   sz.o
       588         16          0          0          0       3404   text.o
       628         78          0          7          0       2026   timer.o
       712         30          0          6        200       4941   usart.o
       712         20          0          0       4096       4837   w25qxx.o

    ----------------------------------------------------------------------
     38390        848       6532        156       5932     480978   Object Totals
         0          0         32          0          0          0   (incl. Generated)
         6          0          0          6          7          0   (incl. Padding)

    ----------------------------------------------------------------------

      Code (inc. data)   RO Data    RW Data    ZI Data      Debug   Library Member Name

         0          0          0          0          0          0   entry.o
         0          0          0          0          0          0   entry10a.o
         0          0          0          0          0          0   entry11a.o
         8          4          0          0          0          0   entry2.o
         4          0          0          0          0          0   entry5.o
         0          0          0          0          0          0   entry7b.o
         0          0          0          0          0          0   entry8b.o
         8          4          0          0          0          0   entry9a.o
        30          0          0          0          0          0   handlers.o
        36          8          0          0          0         68   init.o
         0          0          0          0          0          0   iusefp.o
        30          0          0          0          0         68   llshl.o
        32          0          0          0          0         68   llushr.o
       188         20          0          0          0        160   malloc.o
        36          0          0          0          0        108   memseta.o
         0          0          0          8          0          0   mvars.o
       786         62          0          0          0        336   printf5.o
        14          0          0          0          0         68   strlen.o
        98          0          0          0          0         92   uldiv.o
       186          0          0          0          0        176   depilogue.o
        50          0          0          0          0         76   dfixui.o
        26          0          0          0          0         76   dfltui.o
       228          0          0          0          0         96   dmul.o

    ----------------------------------------------------------------------
      1766         98          0          8          0       1392   Library Totals
         6          0          0          0          0          0   (incl. Padding)

    ----------------------------------------------------------------------

      Code (inc. data)   RO Data    RW Data    ZI Data      Debug   Library Name

      1270         98          0          8          0        968   mc_w.l
       490          0          0          0          0        424   mf_w.l

    ----------------------------------------------------------------------
      1766         98          0          8          0       1392   Library Totals

    ----------------------------------------------------------------------

==============================================================================


      Code (inc. data)   RO Data    RW Data    ZI Data      Debug   

     40156        946       6532        164       5932     474798   Grand Totals
     40156        946       6532        164       5932     474798   ELF Image Totals
     40156        946       6532        164          0          0   ROM Totals

==============================================================================

    Total RO  Size (Code + RO Data)                46688 (  45.59kB)
    Total RW  Size (RW Data + ZI Data)              6096 (   5.95kB)
    Total ROM Size (Code + RO Data + RW Data)      46852 (  45.75kB)

==============================================================================

